Archive member included because of file (symbol)

build/microcontroller/libxpcc/src/libxpcc.a(clock.o)
                              build/microcontroller/laserInterface.o (xpcc::Clock::now())
build/microcontroller/libxpcc/src/libxpcc.a(systick_timer.o)
                              build/microcontroller/pcInterface.o (xpcc::stm32::SysTickTimer::enable(unsigned long))
build/microcontroller/libxpcc/src/libxpcc.a(timer_1.o)
                              build/microcontroller/state.o (xpcc::stm32::Timer1::enable())
build/microcontroller/libxpcc/src/libxpcc.a(timer_3.o)
                              build/microcontroller/motor.o (xpcc::stm32::Timer3::enable())
build/microcontroller/libxpcc/src/libxpcc.a(timer_6.o)
                              build/microcontroller/state.o (xpcc::stm32::Timer6::enable())
build/microcontroller/libxpcc/src/libxpcc.a(timer_7.o)
                              build/microcontroller/state.o (xpcc::stm32::Timer7::enable())
build/microcontroller/libxpcc/src/libxpcc.a(usart_buffered_2.o)
                              build/microcontroller/pcInterface.o (xpcc::stm32::BufferedUsart2::configurePins(xpcc::stm32::BufferedUsart2::Mapping))
build/microcontroller/libxpcc/src/libxpcc.a(usart_buffered_3.o)
                              build/microcontroller/laserInterface.o (xpcc::stm32::BufferedUsart3::configurePins(xpcc::stm32::BufferedUsart3::Mapping))
build/microcontroller/libxpcc/src/libxpcc.a(clock.o)
                              build/microcontroller/main.o (xpcc::stm32::Clock::enableHse(xpcc::stm32::Clock::HseConfig, unsigned long))
build/microcontroller/libxpcc/src/libxpcc.a(startup.o)
                              (Reset_Handler)
build/microcontroller/libxpcc/src/libxpcc.a(cxxabi.o)
                              build/microcontroller/laserInterface.o (__aeabi_atexit)
build/microcontroller/libxpcc/src/libxpcc.a(syscalls.o)
                              (_sbrk_r)
build/microcontroller/libxpcc/src/libxpcc.a(default_handler.o)
                              (_init)
build/microcontroller/libxpcc/src/libxpcc.a(delay.o)
                              build/microcontroller/faultHandlers.o (_delay_ms)
build/microcontroller/libxpcc/src/libxpcc.a(iodevice.o)
                              build/microcontroller/laserInterface.o (vtable for xpcc::IODevice)
build/microcontroller/libxpcc/src/libxpcc.a(iostream.o)
                              build/microcontroller/laserInterface.o (xpcc::IOStream::IOStream(xpcc::IODevice&))
build/microcontroller/libxpcc/src/libxpcc.a(iostream_float.o)
                              build/microcontroller/pcInterface.o (xpcc::IOStream::writeFloat(float const&))
build/microcontroller/libxpcc/src/libxpcc.a(dummy.o)
                              build/microcontroller/libxpcc/src/libxpcc.a(systick_timer.o) (xpcc::dummy())
build/microcontroller/libxpcc/src/libxpcc.a(misc.o)
                              build/microcontroller/laserInterface.o (NVIC_Init)
build/microcontroller/libxpcc/src/libxpcc.a(stm32f4xx_dma.o)
                              build/microcontroller/laserInterface.o (DMA_Init)
build/microcontroller/libxpcc/src/libxpcc.a(stm32f4xx_gpio.o)
                              build/microcontroller/encoder.o (GPIO_Init)
build/microcontroller/libxpcc/src/libxpcc.a(stm32f4xx_rcc.o)
                              build/microcontroller/encoder.o (RCC_AHB1PeriphClockCmd)
build/microcontroller/libxpcc/src/libxpcc.a(stm32f4xx_tim.o)
                              build/microcontroller/encoder.o (TIM_SetAutoreload)
build/microcontroller/libxpcc/src/libxpcc.a(stm32f4xx_usart.o)
                              build/microcontroller/laserInterface.o (USART_Init)
build/microcontroller/libxpcc/src/libxpcc.a(uart_base.o)
                              build/microcontroller/libxpcc/src/libxpcc.a(usart_buffered_2.o) (xpcc::stm32::UartBase::calculateBaudrateSettings(unsigned long, unsigned long))
/opt/arm-2012.09/bin/../lib/gcc/arm-none-eabi/4.7.2/thumb2/libgcc.a(_arm_addsubdf3.o)
                              build/microcontroller/atof.o (__aeabi_dadd)
/opt/arm-2012.09/bin/../lib/gcc/arm-none-eabi/4.7.2/thumb2/libgcc.a(_arm_muldivdf3.o)
                              build/microcontroller/atof.o (__aeabi_dmul)
/opt/arm-2012.09/bin/../lib/gcc/arm-none-eabi/4.7.2/thumb2/libgcc.a(_arm_cmpdf2.o)
                              build/microcontroller/pcInterface.o (__aeabi_dcmplt)
/opt/arm-2012.09/bin/../lib/gcc/arm-none-eabi/4.7.2/thumb2/libgcc.a(_arm_fixdfsi.o)
                              build/microcontroller/pcInterface.o (__aeabi_d2iz)
/opt/arm-2012.09/bin/../lib/gcc/arm-none-eabi/4.7.2/thumb2/libgcc.a(_arm_truncdfsf2.o)
                              build/microcontroller/atof.o (__aeabi_d2f)
/opt/arm-2012.09/bin/../lib/gcc/arm-none-eabi/4.7.2/thumb2/libgcc.a(_aeabi_uldivmod.o)
                              build/microcontroller/libxpcc/src/libxpcc.a(iostream.o) (__aeabi_uldivmod)
/opt/arm-2012.09/bin/../lib/gcc/arm-none-eabi/4.7.2/thumb2/libgcc.a(bpabi.o)
[...]
Memory Configuration

Name             Origin             Length             Attributes
ROM              0x08000000         0x00100000         xr
RAM              0x20000000         0x0001c000         xrw
AUX_RAM          0x2001c000         0x00004000         xrw
CCM              0x10000000         0x00010000         xrw
*default*        0x00000000         0xffffffff

Linker script and memory map

LOAD build/microcontroller/Trigger.o
LOAD build/microcontroller/atof.o
LOAD build/microcontroller/control.o
LOAD build/microcontroller/encoder.o
LOAD build/microcontroller/faultHandlers.o
LOAD build/microcontroller/hallSensor.o
LOAD build/microcontroller/laserInterface.o
LOAD build/microcontroller/linePattern.o
LOAD build/microcontroller/main.o
LOAD build/microcontroller/motor.o
LOAD build/microcontroller/pattern.o
LOAD build/microcontroller/pcInterface.o
LOAD build/microcontroller/quadrangleZigZag.o
LOAD build/microcontroller/rectangle.o
LOAD build/microcontroller/state.o
LOAD build/microcontroller/utils.o
LOAD build/microcontroller/hardFaultHandler.o
LOAD build/microcontroller/libxpcc/src/libxpcc.a
LOAD /opt/arm-2012.09/bin/../lib/gcc/arm-none-eabi/4.7.2/../../../../arm-none-eabi/lib/thumb2/libstdc++.a
LOAD /opt/arm-2012.09/bin/../lib/gcc/arm-none-eabi/4.7.2/../../../../arm-none-eabi/lib/thumb2/libm.a
START GROUP
LOAD /opt/arm-2012.09/bin/../lib/gcc/arm-none-eabi/4.7.2/thumb2/libgcc.a
LOAD /opt/arm-2012.09/bin/../lib/gcc/arm-none-eabi/4.7.2/../../../../arm-none-eabi/lib/thumb2/libc.a
END GROUP
                0x20000000                PROVIDE (__ram_start, ORIGIN (RAM))
                0x2001c000                PROVIDE (__ram_end, (ORIGIN (RAM) + 0x1c000))
                0x2001c000                PROVIDE (__heap_end, (ORIGIN (RAM) + 0x1c000))
                0x00000400                HANDLER_STACK_SIZE = 0x400
                0x00000400                THREAD_STACK_SIZE = 0x400

.reset          0x08000000      0x188
 *(.reset)
 .reset         0x08000000      0x188 build/microcontroller/libxpcc/src/libxpcc.a(startup.o)
                0x08000000                flashVectors
                0x08000188                . = ALIGN (0x4)

.fastcode       0x20000000       0x30 load address 0x08000190
                0x08000190                __fastcode_load = LOADADDR (.fastcode)
                0x20000000                __fastcode_start = .
 *(.vectors)
 *(.fastcode)
 .fastcode      0x20000000       0x30 build/microcontroller/libxpcc/src/libxpcc.a(delay.o)
                0x20000000                _delay_us
                0x20000010                _delay_ms
 *(.glue_7t)
 .glue_7t       0x00000000        0x0 linker stubs
 *(.glue_7)
 .glue_7        0x00000000        0x0 linker stubs
                0x20000030                . = ALIGN (0x4)
                0x20000030                __fastcode_end = .

.text           0x080001c0     0x8e30
 CREATE_OBJECT_SYMBOLS
 *(.text .text.* .gnu.linkonce.t.*)
 .text._ZN7Trigger6sampleEv
                0x080001c0      0x188 build/microcontroller/Trigger.o
                0x080001c0                Trigger::sample()
 .text._ZN7Trigger12forceTriggerEv
                0x08000348      0x148 build/microcontroller/Trigger.o
                0x08000348                Trigger::forceTrigger()
 .text._ZN7Trigger12setThresholdEi
                0x08000490       0x14 build/microcontroller/Trigger.o
                0x08000490                Trigger::setThreshold(int)
 .text._ZN7Trigger12getThresholdEv
                0x080004a4        0xc build/microcontroller/Trigger.o
                0x080004a4                Trigger::getThreshold()
 .text._ZN7Trigger6enableEb
                0x080004b0        0xc build/microcontroller/Trigger.o
                0x080004b0                Trigger::enable(bool)
 .text._Z5atoi2PKcPS0_
                0x080004bc       0xd4 build/microcontroller/atof.o
                0x080004bc                atoi2(char const*, char const**)
 .text._Z5atoi2PKcii
                0x08000590       0xe4 build/microcontroller/atof.o
                0x08000590                atoi2(char const*, int, int)
 .text._Z5atof2PKcPS0_f
                0x08000674      0x128 build/microcontroller/atof.o
                0x08000674                atof2(char const*, char const**, float)
 .text._Z5atof2PKcif
                0x0800079c      0x128 build/microcontroller/atof.o
                0x0800079c                atof2(char const*, int, float)
 .text._ZN7ControlIL4Axis5EE4initEv
                0x080008c4      0x128 build/microcontroller/control.o
                0x080008c4                Control<(Axis)5>::init()
 .text._ZN7ControlIL4Axis5EE6updateEb
                0x080009ec      0x4a0 build/microcontroller/control.o
                0x080009ec                Control<(Axis)5>::update(bool)
 .text._ZN7ControlIL4Axis2EE13getIsPositionEv
                0x08000e8c        0x8 build/microcontroller/control.o
                0x08000e8c                Control<(Axis)2>::getIsPosition()
 .text._ZN7ControlIL4Axis0EE13getIsPositionEv
                0x08000e94        0xc build/microcontroller/control.o
                0x08000e94                Control<(Axis)0>::getIsPosition()
 .text._ZN7ControlIL4Axis5EE9resetVPidEv
                0x08000ea0       0x1c build/microcontroller/control.o
                0x08000ea0                Control<(Axis)5>::resetVPid()
 .text._ZN7ControlIL4Axis5EE11resetPosPidEv
                0x08000ebc       0x1c build/microcontroller/control.o
                0x08000ebc                Control<(Axis)5>::resetPosPid()
 .text._ZN7ControlIL4Axis5EE18enableSpeedControlEb
                0x08000ed8       0x2c build/microcontroller/control.o
                0x08000ed8                Control<(Axis)5>::enableSpeedControl(bool)
 .text._ZN7ControlIL4Axis5EE21enablePositionControlEb
                0x08000f04       0x7c build/microcontroller/control.o
                0x08000f04                Control<(Axis)5>::enablePositionControl(bool)
 .text._ZN7ControlIL4Axis5EE11setMaxSpeedEf
                0x08000f80       0x68 build/microcontroller/control.o
                0x08000f80                Control<(Axis)5>::setMaxSpeed(float)
 .text.startup._GLOBAL__sub_I__ZN7ControlIL4Axis5EE8maxSpeedE
                0x08000fe8       0xa4 build/microcontroller/control.o
 .text._ZN7Encoder4initEv
                0x0800108c      0x11c build/microcontroller/encoder.o
                0x0800108c                Encoder::init()
 .text._ZN7Encoder4zeroEv
                0x080011a8       0x10 build/microcontroller/encoder.o
                0x080011a8                Encoder::zero()
 .text._ZL5blinkv
                0x080011b8      0x100 build/microcontroller/faultHandlers.o
 .text.HardFault_Handler_CPP
                0x080012b8      0x79c build/microcontroller/faultHandlers.o
                0x080012b8                HardFault_Handler_CPP
 .text.NMI_Handler
                0x08001a54       0x78 build/microcontroller/faultHandlers.o
                0x08001a54                NMI_Handler
 .text.MemManage_Handler
                0x08001acc       0x78 build/microcontroller/faultHandlers.o
                0x08001acc                MemManage_Handler
 .text.BusFault_Handler
                0x08001b44       0x78 build/microcontroller/faultHandlers.o
                0x08001b44                BusFault_Handler
 .text.UsageFault_Handler
                0x08001bbc       0x78 build/microcontroller/faultHandlers.o
                0x08001bbc                UsageFault_Handler
 .text._ZN10HallSensorIL4Axis5EE4initEv
                0x08001c34       0x6c build/microcontroller/hallSensor.o
                0x08001c34                HallSensor<(Axis)5>::init()
 .text.EXTI9_5_IRQHandler
                0x08001ca0       0x4c build/microcontroller/hallSensor.o
                0x08001ca0                EXTI9_5_IRQHandler
 .text._ZN4xpcc15IODeviceWrapperINS_5stm3214BufferedUsart3EE5flushEv
                0x08001cec        0x4 build/microcontroller/laserInterface.o
                0x08001cec                xpcc::IODeviceWrapper<xpcc::stm32::BufferedUsart3>::flush()
 .text._ZN4xpcc15IODeviceWrapperINS_5stm3214BufferedUsart3EE4readERc
                0x08001cf0       0x20 build/microcontroller/laserInterface.o
                0x08001cf0                xpcc::IODeviceWrapper<xpcc::stm32::BufferedUsart3>::read(char&)
 .text._ZN4xpcc15IODeviceWrapperINS_5stm3214BufferedUsart3EE5writeEPKc
                0x08001d10       0x1c build/microcontroller/laserInterface.o
                0x08001d10                xpcc::IODeviceWrapper<xpcc::stm32::BufferedUsart3>::write(char const*)
 .text._ZN4xpcc15IODeviceWrapperINS_5stm3214BufferedUsart3EE5writeEc
                0x08001d2c       0x10 build/microcontroller/laserInterface.o
                0x08001d2c                xpcc::IODeviceWrapper<xpcc::stm32::BufferedUsart3>::write(char)
 .text._ZN4xpcc8IOStreamlsERKc.isra.0
                0x08001d3c       0x2c build/microcontroller/laserInterface.o
 .text._ZN4xpccL8delay_msEm.constprop.2
                0x08001d68       0x10 build/microcontroller/laserInterface.o
 .text._ZN4xpcc5stm3214BufferedUsart3C2Emmb
                0x08001d78       0x18 build/microcontroller/laserInterface.o
                0x08001d78                xpcc::stm32::BufferedUsart3::BufferedUsart3(unsigned long, unsigned long, bool)
                0x08001d78                xpcc::stm32::BufferedUsart3::BufferedUsart3(unsigned long, unsigned long, bool)
 .text._ZN4xpcc8IODeviceC2Ev
                0x08001d90        0xc build/microcontroller/laserInterface.o
                0x08001d90                xpcc::IODevice::IODevice()
                0x08001d90                xpcc::IODevice::IODevice()
 .text._ZN4xpcc8IODeviceD2Ev
                0x08001d9c        0xc build/microcontroller/laserInterface.o
                0x08001d9c                xpcc::IODevice::~IODevice()
                0x08001d9c                xpcc::IODevice::~IODevice()
 .text._ZN4xpcc15IODeviceWrapperINS_5stm3214BufferedUsart3EED2Ev
                0x08001da8       0x18 build/microcontroller/laserInterface.o
                0x08001da8                xpcc::IODeviceWrapper<xpcc::stm32::BufferedUsart3>::~IODeviceWrapper()
                0x08001da8                xpcc::IODeviceWrapper<xpcc::stm32::BufferedUsart3>::~IODeviceWrapper()
 .text._ZN4xpcc15IODeviceWrapperINS_5stm3214BufferedUsart3EED0Ev
                0x08001dc0       0x1c build/microcontroller/laserInterface.o
                0x08001dc0                xpcc::IODeviceWrapper<xpcc::stm32::BufferedUsart3>::~IODeviceWrapper()
 .text._ZN4xpcc8IODeviceD0Ev
                0x08001ddc       0x1c build/microcontroller/laserInterface.o
                0x08001ddc                xpcc::IODevice::~IODevice()
 .text._ZN4xpcc8IOStreamlsEPKc
                0x08001df8       0x2c build/microcontroller/laserInterface.o
                0x08001df8                xpcc::IOStream::operator<<(char const*)
 .text._ZN4xpcc9TimestampC2Ej
                0x08001e24        0x4 build/microcontroller/laserInterface.o
                0x08001e24                xpcc::Timestamp::Timestamp(unsigned int)
                0x08001e24                xpcc::Timestamp::Timestamp(unsigned int)
 .text._ZNK4xpcc9TimestampplERKS0_
                0x08001e28       0x1c build/microcontroller/laserInterface.o
                0x08001e28                xpcc::Timestamp::operator+(xpcc::Timestamp const&) const
 .text._ZNK4xpcc9TimestampgeERKS0_
                0x08001e44        0xc build/microcontroller/laserInterface.o
                0x08001e44                xpcc::Timestamp::operator>=(xpcc::Timestamp const&) const
 .text._ZN5Laser12DoubleBuffer9getInSizeEv
                0x08001e50        0xc build/microcontroller/laserInterface.o
                0x08001e50                Laser::DoubleBuffer::getInSize()
 .text._ZN5Laser12DoubleBuffer7addCharEh
                0x08001e5c       0x1c build/microcontroller/laserInterface.o
                0x08001e5c                Laser::DoubleBuffer::addChar(unsigned char)
 .text._ZN5Laser12DoubleBuffer4swapEv
                0x08001e78       0x34 build/microcontroller/laserInterface.o
                0x08001e78                Laser::DoubleBuffer::swap()
 .text._ZN5Laser12DoubleBuffer5resetEv
                0x08001eac        0xc build/microcontroller/laserInterface.o
                0x08001eac                Laser::DoubleBuffer::reset()
 .text._ZN5Laser12DoubleBuffer3getEv
                0x08001eb8        0xc build/microcontroller/laserInterface.o
                0x08001eb8                Laser::DoubleBuffer::get()
 .text._ZN5Laser4initEv
                0x08001ec4       0x2c build/microcontroller/laserInterface.o
                0x08001ec4                Laser::init()
 .text._ZN5Laser12getLastErrorEv
                0x08001ef0        0xc build/microcontroller/laserInterface.o
                0x08001ef0                Laser::getLastError()
 .text._ZN5Laser15disableRequestsEv
                0x08001efc       0x14 build/microcontroller/laserInterface.o
                0x08001efc                Laser::disableRequests()
 .text._ZN5Laser10sendStringEPKc
                0x08001f10       0x20 build/microcontroller/laserInterface.o
                0x08001f10                Laser::sendString(char const*)
 .text._ZN5Laser12DoubleBuffer4goodEv
                0x08001f30       0x24 build/microcontroller/laserInterface.o
                0x08001f30                Laser::DoubleBuffer::good()
 .text._Z24enable_USART3_Interruptsv
                0x08001f54       0x4c build/microcontroller/laserInterface.o
                0x08001f54                enable_USART3_Interrupts()
 .text._ZN5Laser22sendMeasurementRequestEv
                0x08001fa0       0x14 build/microcontroller/laserInterface.o
                0x08001fa0                Laser::sendMeasurementRequest()
 .text._ZN5Laser10handleCharEc
                0x08001fb4       0xb4 build/microcontroller/laserInterface.o
                0x08001fb4                Laser::handleChar(char)
 .text._ZN5Laser14enableRequestsEv
                0x08002068        0xc build/microcontroller/laserInterface.o
                0x08002068                Laser::enableRequests()
 .text._ZN4xpcc15IODeviceWrapperINS_5stm3214BufferedUsart3EEC2ERKS2_
                0x08002074       0x18 build/microcontroller/laserInterface.o
                0x08002074                xpcc::IODeviceWrapper<xpcc::stm32::BufferedUsart3>::IODeviceWrapper(xpcc::stm32::BufferedUsart3 const&)
                0x08002074                xpcc::IODeviceWrapper<xpcc::stm32::BufferedUsart3>::IODeviceWrapper(xpcc::stm32::BufferedUsart3 const&)
 .text._Z41__static_initialization_and_destruction_0ii.constprop.1
                0x0800208c       0x54 build/microcontroller/laserInterface.o
 .text._ZN4xpcc7TimeoutINS_5ClockEEC2ENS_9TimestampE
                0x080020e0       0x30 build/microcontroller/laserInterface.o
                0x080020e0                xpcc::Timeout<xpcc::Clock>::Timeout(xpcc::Timestamp)
                0x080020e0                xpcc::Timeout<xpcc::Clock>::Timeout(xpcc::Timestamp)
 .text._ZN4xpcc7TimeoutINS_5ClockEE9isExpiredEv
                0x08002110       0x38 build/microcontroller/laserInterface.o
                0x08002110                xpcc::Timeout<xpcc::Clock>::isExpired()
 .text._ZN5Laser4execEPKc
                0x08002148      0x118 build/microcontroller/laserInterface.o
                0x08002148                Laser::exec(char const*)
 .text.startup._GLOBAL__sub_I__ZN5Laser12DoubleBuffer4buf1E
                0x08002260        0xc build/microcontroller/laserInterface.o
 .text._ZN11LinePattern9configureEP5Point
                0x0800226c       0x84 build/microcontroller/linePattern.o
                0x0800226c                LinePattern::configure(Point*)
 .text._ZN11LinePattern6sampleEv
                0x080022f0      0x114 build/microcontroller/linePattern.o
                0x080022f0                LinePattern::sample()
 .text._Z7systickv
                0x08002404       0x30 build/microcontroller/main.o
                0x08002404                systick()
 .text._ZN4xpcc8IOStreamlsERKc.isra.0.constprop.4
                0x08002434       0x2c build/microcontroller/main.o
 .text.startup.main
                0x08002460      0x1b4 build/microcontroller/main.o
                0x08002460                main
 .text._ZN5MotorIL4Axis0EE8setSpeedEi
                0x08002614       0x3c build/microcontroller/motor.o
                0x08002614                Motor<(Axis)0>::setSpeed(int)
 .text._ZN5MotorIL4Axis2EE8setSpeedEi
                0x08002650       0x3c build/microcontroller/motor.o
                0x08002650                Motor<(Axis)2>::setSpeed(int)
 .text._ZN5MotorIL4Axis5EE4initEv
                0x0800268c      0x230 build/microcontroller/motor.o
                0x0800268c                Motor<(Axis)5>::init()
 .text.EXTI2_IRQHandler
                0x080028bc       0x28 build/microcontroller/motor.o
                0x080028bc                EXTI2_IRQHandler
 .text.EXTI4_IRQHandler
                0x080028e4       0x28 build/microcontroller/motor.o
                0x080028e4                EXTI4_IRQHandler
 .text._ZN8Handlers12resetHandlerEPKci
                0x0800290c       0x20 build/microcontroller/pcInterface.o
                0x0800290c                Handlers::resetHandler(char const*, int)
 .text._ZN8Handlers19pausePatternHandlerEPKci
                0x0800292c       0x18 build/microcontroller/pcInterface.o
                0x0800292c                Handlers::pausePatternHandler(char const*, int)
 .text._ZN8Handlers20resumePatternHandlerEPKci
                0x08002944       0x18 build/microcontroller/pcInterface.o
                0x08002944                Handlers::resumePatternHandler(char const*, int)
 .text._ZN4xpcc15IODeviceWrapperI6StreamILc75ELb0ELb1ELi300EEED2Ev
                0x0800295c        0xc build/microcontroller/pcInterface.o
                0x0800295c                xpcc::IODeviceWrapper<Stream<(char)75, false, true, 300> >::~IODeviceWrapper()
                0x0800295c                xpcc::IODeviceWrapper<Stream<(char)75, false, true, 300> >::~IODeviceWrapper()
 .text._ZN4xpcc15IODeviceWrapperI6StreamILc67ELb0ELb1ELi300EEED2Ev
                0x08002968        0xc build/microcontroller/pcInterface.o
                0x08002968                xpcc::IODeviceWrapper<Stream<(char)67, false, true, 300> >::~IODeviceWrapper()
                0x08002968                xpcc::IODeviceWrapper<Stream<(char)67, false, true, 300> >::~IODeviceWrapper()
 .text._ZN4xpcc15IODeviceWrapperI6StreamILc73ELb0ELb1ELi300EEED2Ev
                0x08002974        0xc build/microcontroller/pcInterface.o
                0x08002974                xpcc::IODeviceWrapper<Stream<(char)73, false, true, 300> >::~IODeviceWrapper()
                0x08002974                xpcc::IODeviceWrapper<Stream<(char)73, false, true, 300> >::~IODeviceWrapper()
 .text._ZN4xpcc15IODeviceWrapperI6StreamILc69ELb0ELb1ELi300EEED2Ev
                0x08002980        0xc build/microcontroller/pcInterface.o
                0x08002980                xpcc::IODeviceWrapper<Stream<(char)69, false, true, 300> >::~IODeviceWrapper()
                0x08002980                xpcc::IODeviceWrapper<Stream<(char)69, false, true, 300> >::~IODeviceWrapper()
 .text._ZN4xpcc15IODeviceWrapperI6StreamILc68ELb0ELb1ELi300EEED2Ev
                0x0800298c        0xc build/microcontroller/pcInterface.o
                0x0800298c                xpcc::IODeviceWrapper<Stream<(char)68, false, true, 300> >::~IODeviceWrapper()
                0x0800298c                xpcc::IODeviceWrapper<Stream<(char)68, false, true, 300> >::~IODeviceWrapper()
 .text._ZN4xpcc15IODeviceWrapperI6StreamILc77ELb1ELb1ELi300EEED2Ev
                0x08002998        0xc build/microcontroller/pcInterface.o
                0x08002998                xpcc::IODeviceWrapper<Stream<(char)77, true, true, 300> >::~IODeviceWrapper()
                0x08002998                xpcc::IODeviceWrapper<Stream<(char)77, true, true, 300> >::~IODeviceWrapper()
 .text._ZN4xpcc15IODeviceWrapperI6StreamILc80ELb0ELb1ELi300EEED2Ev
                0x080029a4        0xc build/microcontroller/pcInterface.o
                0x080029a4                xpcc::IODeviceWrapper<Stream<(char)80, false, true, 300> >::~IODeviceWrapper()
                0x080029a4                xpcc::IODeviceWrapper<Stream<(char)80, false, true, 300> >::~IODeviceWrapper()
 .text._ZN4xpcc15IODeviceWrapperINS_5stm3214BufferedUsart2EED2Ev
                0x080029b0        0xc build/microcontroller/pcInterface.o
                0x080029b0                xpcc::IODeviceWrapper<xpcc::stm32::BufferedUsart2>::~IODeviceWrapper()
                0x080029b0                xpcc::IODeviceWrapper<xpcc::stm32::BufferedUsart2>::~IODeviceWrapper()
 .text._ZN4xpcc15IODeviceWrapperI6StreamILc75ELb0ELb1ELi300EEE5flushEv
                0x080029bc        0x4 build/microcontroller/pcInterface.o
                0x080029bc                xpcc::IODeviceWrapper<Stream<(char)75, false, true, 300> >::flush()
 .text._ZN4xpcc15IODeviceWrapperI6StreamILc75ELb0ELb1ELi300EEE4readERc
                0x080029c0        0x4 build/microcontroller/pcInterface.o
                0x080029c0                xpcc::IODeviceWrapper<Stream<(char)75, false, true, 300> >::read(char&)
 .text._ZN4xpcc15IODeviceWrapperI6StreamILc67ELb0ELb1ELi300EEE5flushEv
                0x080029c4        0x4 build/microcontroller/pcInterface.o
                0x080029c4                xpcc::IODeviceWrapper<Stream<(char)67, false, true, 300> >::flush()
 .text._ZN4xpcc15IODeviceWrapperI6StreamILc67ELb0ELb1ELi300EEE4readERc
                0x080029c8        0x4 build/microcontroller/pcInterface.o
                0x080029c8                xpcc::IODeviceWrapper<Stream<(char)67, false, true, 300> >::read(char&)
 .text._ZN4xpcc15IODeviceWrapperI6StreamILc73ELb0ELb1ELi300EEE5flushEv
                0x080029cc        0x4 build/microcontroller/pcInterface.o
                0x080029cc                xpcc::IODeviceWrapper<Stream<(char)73, false, true, 300> >::flush()
 .text._ZN4xpcc15IODeviceWrapperI6StreamILc73ELb0ELb1ELi300EEE4readERc
                0x080029d0        0x4 build/microcontroller/pcInterface.o
                0x080029d0                xpcc::IODeviceWrapper<Stream<(char)73, false, true, 300> >::read(char&)
 .text._ZN4xpcc15IODeviceWrapperI6StreamILc69ELb0ELb1ELi300EEE5flushEv
                0x080029d4        0x4 build/microcontroller/pcInterface.o
                0x080029d4                xpcc::IODeviceWrapper<Stream<(char)69, false, true, 300> >::flush()
 .text._ZN4xpcc15IODeviceWrapperI6StreamILc69ELb0ELb1ELi300EEE4readERc
                0x080029d8        0x4 build/microcontroller/pcInterface.o
                0x080029d8                xpcc::IODeviceWrapper<Stream<(char)69, false, true, 300> >::read(char&)
 .text._ZN4xpcc15IODeviceWrapperI6StreamILc68ELb0ELb1ELi300EEE5flushEv
                0x080029dc        0x4 build/microcontroller/pcInterface.o
                0x080029dc                xpcc::IODeviceWrapper<Stream<(char)68, false, true, 300> >::flush()
 .text._ZN4xpcc15IODeviceWrapperI6StreamILc68ELb0ELb1ELi300EEE4readERc
                0x080029e0        0x4 build/microcontroller/pcInterface.o
                0x080029e0                xpcc::IODeviceWrapper<Stream<(char)68, false, true, 300> >::read(char&)
 .text._ZN4xpcc15IODeviceWrapperI6StreamILc77ELb1ELb1ELi300EEE5flushEv
                0x080029e4        0x4 build/microcontroller/pcInterface.o
                0x080029e4                xpcc::IODeviceWrapper<Stream<(char)77, true, true, 300> >::flush()
 .text._ZN4xpcc15IODeviceWrapperI6StreamILc77ELb1ELb1ELi300EEE4readERc
                0x080029e8        0x4 build/microcontroller/pcInterface.o
                0x080029e8                xpcc::IODeviceWrapper<Stream<(char)77, true, true, 300> >::read(char&)
 .text._ZN4xpcc15IODeviceWrapperI6StreamILc80ELb0ELb1ELi300EEE5flushEv
                0x080029ec        0x4 build/microcontroller/pcInterface.o
                0x080029ec                xpcc::IODeviceWrapper<Stream<(char)80, false, true, 300> >::flush()
 .text._ZN4xpcc15IODeviceWrapperI6StreamILc80ELb0ELb1ELi300EEE4readERc
                0x080029f0        0x4 build/microcontroller/pcInterface.o
                0x080029f0                xpcc::IODeviceWrapper<Stream<(char)80, false, true, 300> >::read(char&)
 .text._ZN4xpcc15IODeviceWrapperINS_5stm3214BufferedUsart2EE5flushEv
                0x080029f4        0x4 build/microcontroller/pcInterface.o
                0x080029f4                xpcc::IODeviceWrapper<xpcc::stm32::BufferedUsart2>::flush()
 .text._ZN4xpcc15IODeviceWrapperINS_5stm3214BufferedUsart2EE4readERc
                0x080029f8       0x20 build/microcontroller/pcInterface.o
                0x080029f8                xpcc::IODeviceWrapper<xpcc::stm32::BufferedUsart2>::read(char&)
 .text._ZN4xpcc15IODeviceWrapperINS_5stm3214BufferedUsart2EE5writeEPKc
                0x08002a18       0x1c build/microcontroller/pcInterface.o
                0x08002a18                xpcc::IODeviceWrapper<xpcc::stm32::BufferedUsart2>::write(char const*)
 .text._ZN4xpcc15IODeviceWrapperINS_5stm3214BufferedUsart2EE5writeEc
                0x08002a34       0x10 build/microcontroller/pcInterface.o
                0x08002a34                xpcc::IODeviceWrapper<xpcc::stm32::BufferedUsart2>::write(char)
 .text._ZN4xpcc15IODeviceWrapperINS_5stm3214BufferedUsart2EED0Ev
                0x08002a44       0x18 build/microcontroller/pcInterface.o
                0x08002a44                xpcc::IODeviceWrapper<xpcc::stm32::BufferedUsart2>::~IODeviceWrapper()
 .text._ZN4xpcc15IODeviceWrapperI6StreamILc80ELb0ELb1ELi300EEED0Ev
                0x08002a5c       0x18 build/microcontroller/pcInterface.o
                0x08002a5c                xpcc::IODeviceWrapper<Stream<(char)80, false, true, 300> >::~IODeviceWrapper()
 .text._ZN4xpcc15IODeviceWrapperI6StreamILc77ELb1ELb1ELi300EEED0Ev
                0x08002a74       0x18 build/microcontroller/pcInterface.o
                0x08002a74                xpcc::IODeviceWrapper<Stream<(char)77, true, true, 300> >::~IODeviceWrapper()
 .text._ZN4xpcc15IODeviceWrapperI6StreamILc68ELb0ELb1ELi300EEED0Ev
                0x08002a8c       0x18 build/microcontroller/pcInterface.o
                0x08002a8c                xpcc::IODeviceWrapper<Stream<(char)68, false, true, 300> >::~IODeviceWrapper()
 .text._ZN4xpcc15IODeviceWrapperI6StreamILc69ELb0ELb1ELi300EEED0Ev
                0x08002aa4       0x18 build/microcontroller/pcInterface.o
                0x08002aa4                xpcc::IODeviceWrapper<Stream<(char)69, false, true, 300> >::~IODeviceWrapper()
 .text._ZN4xpcc15IODeviceWrapperI6StreamILc73ELb0ELb1ELi300EEED0Ev
                0x08002abc       0x18 build/microcontroller/pcInterface.o
                0x08002abc                xpcc::IODeviceWrapper<Stream<(char)73, false, true, 300> >::~IODeviceWrapper()
 .text._ZN4xpcc15IODeviceWrapperI6StreamILc67ELb0ELb1ELi300EEED0Ev
                0x08002ad4       0x18 build/microcontroller/pcInterface.o
                0x08002ad4                xpcc::IODeviceWrapper<Stream<(char)67, false, true, 300> >::~IODeviceWrapper()
 .text._ZN4xpcc15IODeviceWrapperI6StreamILc75ELb0ELb1ELi300EEED0Ev
                0x08002aec       0x18 build/microcontroller/pcInterface.o
                0x08002aec                xpcc::IODeviceWrapper<Stream<(char)75, false, true, 300> >::~IODeviceWrapper()
 .text._ZN8Handlers14getMeasurementEPKci
                0x08002b04       0x10 build/microcontroller/pcInterface.o
                0x08002b04                Handlers::getMeasurement(char const*, int)
 .text._ZN8Handlers17getControlOutputsIL4Axis0EEEbPKci
                0x08002b14      0x290 build/microcontroller/pcInterface.o
                0x08002b14                bool Handlers::getControlOutputs<(Axis)0>(char const*, int)
 *fill*         0x08002da4        0x4 
 .text._ZN8Handlers15setSpeedHandlerIL4Axis2EEEbPKci
                0x08002da8      0x128 build/microcontroller/pcInterface.o
                0x08002da8                bool Handlers::setSpeedHandler<(Axis)2>(char const*, int)
 .text._ZN8Handlers15setSpeedHandlerIL4Axis0EEEbPKci
                0x08002ed0      0x128 build/microcontroller/pcInterface.o
                0x08002ed0                bool Handlers::setSpeedHandler<(Axis)0>(char const*, int)
 .text._ZN8Handlers17getControlOutputsIL4Axis2EEEbPKci
                0x08002ff8      0x290 build/microcontroller/pcInterface.o
                0x08002ff8                bool Handlers::getControlOutputs<(Axis)2>(char const*, int)
 .text._ZN8Handlers19getPushButtonStatesEPKci
                0x08003288      0x1ec build/microcontroller/pcInterface.o
                0x08003288                Handlers::getPushButtonStates(char const*, int)
 .text._ZN8Handlers18stopPatternHandlerEPKci
                0x08003474       0x78 build/microcontroller/pcInterface.o
                0x08003474                Handlers::stopPatternHandler(char const*, int)
 .text._ZN8Handlers19setTriggerThresholdEPKci
                0x080034ec       0x98 build/microcontroller/pcInterface.o
                0x080034ec                Handlers::setTriggerThreshold(char const*, int)
 .text._ZN8Handlers20enableSystickHandlerEPKci
                0x08003584       0x98 build/microcontroller/pcInterface.o
                0x08003584                Handlers::enableSystickHandler(char const*, int)
 .text._ZN8Handlers13getLaserErrorEPKci
                0x0800361c       0x74 build/microcontroller/pcInterface.o
                0x0800361c                Handlers::getLaserError(char const*, int)
 .text._ZN8Handlers13enableTriggerEPKci
                0x08003690       0x88 build/microcontroller/pcInterface.o
                0x08003690                Handlers::enableTrigger(char const*, int)
 .text._ZN8Handlers16execLaserCommandEPKci
                0x08003718       0x94 build/microcontroller/pcInterface.o
                0x08003718                Handlers::execLaserCommand(char const*, int)
 .text._ZN8Handlers11gotoHandlerIL4Axis2EEEbPKci
                0x080037ac      0x100 build/microcontroller/pcInterface.o
                0x080037ac                bool Handlers::gotoHandler<(Axis)2>(char const*, int)
 .text._ZN8Handlers11moveHandlerIL4Axis2EEEbPKci
                0x080038ac      0x118 build/microcontroller/pcInterface.o
                0x080038ac                bool Handlers::moveHandler<(Axis)2>(char const*, int)
 .text._ZN8Handlers11gotoHandlerIL4Axis0EEEbPKci
                0x080039c4      0x100 build/microcontroller/pcInterface.o
                0x080039c4                bool Handlers::gotoHandler<(Axis)0>(char const*, int)
 .text._ZN8Handlers13mirrorCommandEPKci
                0x08003ac4       0x94 build/microcontroller/pcInterface.o
                0x08003ac4                Handlers::mirrorCommand(char const*, int)
 .text._ZN8Handlers11moveHandlerIL4Axis0EEEbPKci
                0x08003b58      0x118 build/microcontroller/pcInterface.o
                0x08003b58                bool Handlers::moveHandler<(Axis)0>(char const*, int)
 .text._ZN8Handlers18setMaxSpeedHandlerEPKci
                0x08003c70       0xe8 build/microcontroller/pcInterface.o
                0x08003c70                Handlers::setMaxSpeedHandler(char const*, int)
 .text._ZN8Handlers13setPwmHandlerIL4Axis2EEEbPKci
                0x08003d58       0xd8 build/microcontroller/pcInterface.o
                0x08003d58                bool Handlers::setPwmHandler<(Axis)2>(char const*, int)
 .text._ZN8Handlers13setPwmHandlerIL4Axis0EEEbPKci
                0x08003e30       0xd8 build/microcontroller/pcInterface.o
                0x08003e30                bool Handlers::setPwmHandler<(Axis)0>(char const*, int)
 .text._ZN4xpcc15IODeviceWrapperI6StreamILc77ELb1ELb1ELi300EEE5writeEPKc
                0x08003f08       0xe8 build/microcontroller/pcInterface.o
                0x08003f08                xpcc::IODeviceWrapper<Stream<(char)77, true, true, 300> >::write(char const*)
 .text._ZN4xpcc15IODeviceWrapperI6StreamILc75ELb0ELb1ELi300EEE5writeEc
                0x08003ff0       0x7c build/microcontroller/pcInterface.o
                0x08003ff0                xpcc::IODeviceWrapper<Stream<(char)75, false, true, 300> >::write(char)
 .text._ZN4xpcc15IODeviceWrapperI6StreamILc75ELb0ELb1ELi300EEE5writeEPKc
                0x0800406c       0x9c build/microcontroller/pcInterface.o
                0x0800406c                xpcc::IODeviceWrapper<Stream<(char)75, false, true, 300> >::write(char const*)
 .text._ZN4xpcc15IODeviceWrapperI6StreamILc68ELb0ELb1ELi300EEE5writeEc
                0x08004108       0x7c build/microcontroller/pcInterface.o
                0x08004108                xpcc::IODeviceWrapper<Stream<(char)68, false, true, 300> >::write(char)
 .text._ZN4xpcc15IODeviceWrapperI6StreamILc68ELb0ELb1ELi300EEE5writeEPKc
                0x08004184       0x9c build/microcontroller/pcInterface.o
                0x08004184                xpcc::IODeviceWrapper<Stream<(char)68, false, true, 300> >::write(char const*)
 .text._ZN4xpcc15IODeviceWrapperI6StreamILc69ELb0ELb1ELi300EEE5writeEc
                0x08004220       0x7c build/microcontroller/pcInterface.o
                0x08004220                xpcc::IODeviceWrapper<Stream<(char)69, false, true, 300> >::write(char)
 .text._ZN4xpcc15IODeviceWrapperI6StreamILc69ELb0ELb1ELi300EEE5writeEPKc
                0x0800429c       0x9c build/microcontroller/pcInterface.o
                0x0800429c                xpcc::IODeviceWrapper<Stream<(char)69, false, true, 300> >::write(char const*)
 .text._ZN4xpcc15IODeviceWrapperI6StreamILc80ELb0ELb1ELi300EEE5writeEc
                0x08004338       0x7c build/microcontroller/pcInterface.o
                0x08004338                xpcc::IODeviceWrapper<Stream<(char)80, false, true, 300> >::write(char)
 .text._ZN4xpcc15IODeviceWrapperI6StreamILc80ELb0ELb1ELi300EEE5writeEPKc
                0x080043b4       0x9c build/microcontroller/pcInterface.o
                0x080043b4                xpcc::IODeviceWrapper<Stream<(char)80, false, true, 300> >::write(char const*)
 .text._ZN4xpcc15IODeviceWrapperI6StreamILc67ELb0ELb1ELi300EEE5writeEc
                0x08004450       0x7c build/microcontroller/pcInterface.o
                0x08004450                xpcc::IODeviceWrapper<Stream<(char)67, false, true, 300> >::write(char)
 .text._ZN4xpcc15IODeviceWrapperI6StreamILc67ELb0ELb1ELi300EEE5writeEPKc
                0x080044cc       0x9c build/microcontroller/pcInterface.o
                0x080044cc                xpcc::IODeviceWrapper<Stream<(char)67, false, true, 300> >::write(char const*)
 .text._ZN4xpcc15IODeviceWrapperI6StreamILc73ELb0ELb1ELi300EEE5writeEc
                0x08004568       0x7c build/microcontroller/pcInterface.o
                0x08004568                xpcc::IODeviceWrapper<Stream<(char)73, false, true, 300> >::write(char)
 .text._ZN4xpcc15IODeviceWrapperI6StreamILc73ELb0ELb1ELi300EEE5writeEPKc
                0x080045e4       0x9c build/microcontroller/pcInterface.o
                0x080045e4                xpcc::IODeviceWrapper<Stream<(char)73, false, true, 300> >::write(char const*)
 .text._ZN8Handlers24rectanglePatternHandler2EPKci
                0x08004680      0x4ec build/microcontroller/pcInterface.o
                0x08004680                Handlers::rectanglePatternHandler2(char const*, int)
 .text._ZN4xpcc15IODeviceWrapperI6StreamILc77ELb1ELb1ELi300EEE5writeEc
                0x08004b6c       0xc8 build/microcontroller/pcInterface.o
                0x08004b6c                xpcc::IODeviceWrapper<Stream<(char)77, true, true, 300> >::write(char)
 .text._ZN8Handlers18linePatternHandlerEPKci
                0x08004c34      0x298 build/microcontroller/pcInterface.o
                0x08004c34                Handlers::linePatternHandler(char const*, int)
 .text._ZN8Handlers24rectanglePatternHandler3EPKci
                0x08004ecc      0x28c build/microcontroller/pcInterface.o
                0x08004ecc                Handlers::rectanglePatternHandler3(char const*, int)
 .text._ZN7Pattern5startEv
                0x08005158       0xd8 build/microcontroller/pcInterface.o
                0x08005158                Pattern::start()
 .text._ZN8Handlers23rectanglePatternHandlerEPKci
                0x08005230      0x5ec build/microcontroller/pcInterface.o
                0x08005230                Handlers::rectanglePatternHandler(char const*, int)
 .text._ZN2PC4initEv
                0x0800581c       0xc0 build/microcontroller/pcInterface.o
                0x0800581c                PC::init()
 .text._ZN2PC15scanForCommandsEv
                0x080058dc      0x19c build/microcontroller/pcInterface.o
                0x080058dc                PC::scanForCommands()
 .text.startup._GLOBAL__sub_I_uart
                0x08005a78      0x15c build/microcontroller/pcInterface.o
 .text._ZN16QuadrangleZigZag6sampleEv
                0x08005bd4      0x244 build/microcontroller/quadrangleZigZag.o
                0x08005bd4                QuadrangleZigZag::sample()
 .text._ZN16QuadrangleZigZag9configureEffffi
                0x08005e18      0x16c build/microcontroller/quadrangleZigZag.o
                0x08005e18                QuadrangleZigZag::configure(float, float, float, float, int)
 .text._ZN16QuadrangleZigZag10configure2Effffi
                0x08005f84      0x154 build/microcontroller/quadrangleZigZag.o
                0x08005f84                QuadrangleZigZag::configure2(float, float, float, float, int)
 .text._ZN16QuadrangleZigZag9configureEP5Pointi
                0x080060d8      0x15c build/microcontroller/quadrangleZigZag.o
                0x080060d8                QuadrangleZigZag::configure(Point*, int)
 .text.startup._GLOBAL__sub_I__ZN16QuadrangleZigZag6startXE
                0x08006234       0x10 build/microcontroller/quadrangleZigZag.o
 .text._ZN10Quadrangle9configureEffff
                0x08006244      0x1a4 build/microcontroller/rectangle.o
                0x08006244                Quadrangle::configure(float, float, float, float)
 .text._ZN10Quadrangle6sampleEv
                0x080063e8      0x140 build/microcontroller/rectangle.o
                0x080063e8                Quadrangle::sample()
 .text._ZN5State4initEv
                0x08006528      0x230 build/microcontroller/state.o
                0x08006528                State::init()
 .text._ZN5State3setEi
                0x08006758      0x128 build/microcontroller/state.o
                0x08006758                State::set(int)
 .text._ZN5State9setOrangeEb
                0x08006880       0x14 build/microcontroller/state.o
                0x08006880                State::setOrange(bool)
 .text.TIM1_UP_TIM10_IRQHandler
                0x08006894       0x24 build/microcontroller/state.o
                0x08006894                TIM1_UP_TIM10_IRQHandler
 .text.TIM6_DAC_IRQHandler
                0x080068b8       0x24 build/microcontroller/state.o
                0x080068b8                TIM6_DAC_IRQHandler
 .text.TIM7_IRQHandler
                0x080068dc       0x24 build/microcontroller/state.o
                0x080068dc                TIM7_IRQHandler
 .text._ZN5Utils13enableSystickEv
                0x08006900       0x14 build/microcontroller/utils.o
                0x08006900                Utils::enableSystick()
 .text._ZN5Utils14disableSystickEv
                0x08006914        0xc build/microcontroller/utils.o
                0x08006914                Utils::disableSystick()
 .text._ZN5Utils19startLoggingControlEv
                0x08006920      0x2a4 build/microcontroller/utils.o
                0x08006920                Utils::startLoggingControl()
 .text._ZN5Utils13calibrateZeroEv
                0x08006bc4      0x148 build/microcontroller/utils.o
                0x08006bc4                Utils::calibrateZero()
 .text.startup._GLOBAL__sub_I__ZN5Utils13enableSystickEv
                0x08006d0c       0x54 build/microcontroller/utils.o
 .text          0x08006d60       0x12 build/microcontroller/hardFaultHandler.o
                0x08006d60                HardFault_Handler
 *fill*         0x08006d72        0x2 
 .text._ZN4xpcc5Clock3nowEv
                0x08006d74       0x18 build/microcontroller/libxpcc/src/libxpcc.a(clock.o)
                0x08006d74                xpcc::Clock::now()
 .text.SysTick_Handler
                0x08006d8c       0x1c build/microcontroller/libxpcc/src/libxpcc.a(systick_timer.o)
                0x08006d8c                SysTick_Handler
 .text._ZN4xpcc5stm3212SysTickTimer6enableEm
                0x08006da8       0x1c build/microcontroller/libxpcc/src/libxpcc.a(systick_timer.o)
                0x08006da8                xpcc::stm32::SysTickTimer::enable(unsigned long)
 .text._ZN4xpcc5stm3212SysTickTimer7disableEv
                0x08006dc4        0xc build/microcontroller/libxpcc/src/libxpcc.a(systick_timer.o)
                0x08006dc4                xpcc::stm32::SysTickTimer::disable()
 .text._ZN4xpcc5stm3212SysTickTimer15attachInterruptEPFvvE
                0x08006dd0       0x18 build/microcontroller/libxpcc/src/libxpcc.a(systick_timer.o)
                0x08006dd0                xpcc::stm32::SysTickTimer::attachInterrupt(void (*)())
 .text._ZN4xpcc5stm326Timer16enableEv
                0x08006de8       0x20 build/microcontroller/libxpcc/src/libxpcc.a(timer_1.o)
                0x08006de8                xpcc::stm32::Timer1::enable()
 .text._ZN4xpcc5stm326Timer17setModeENS0_19GeneralPurposeTimer4ModeENS1_9SlaveModeENS1_16SlaveModeTriggerENS1_10MasterModeE
                0x08006e08       0x28 build/microcontroller/libxpcc/src/libxpcc.a(timer_1.o)
                0x08006e08                xpcc::stm32::Timer1::setMode(xpcc::stm32::GeneralPurposeTimer::Mode, xpcc::stm32::Timer1::SlaveMode, xpcc::stm32::Timer1::SlaveModeTrigger, xpcc::stm32::Timer1::MasterMode)
 .text._ZN4xpcc5stm326Timer19setPeriodEmb
                0x08006e30       0x30 build/microcontroller/libxpcc/src/libxpcc.a(timer_1.o)
                0x08006e30                xpcc::stm32::Timer1::setPeriod(unsigned long, bool)
 .text._ZN4xpcc5stm326Timer121enableInterruptVectorENS0_19GeneralPurposeTimer9InterruptEbm
                0x08006e60       0x9c build/microcontroller/libxpcc/src/libxpcc.a(timer_1.o)
                0x08006e60                xpcc::stm32::Timer1::enableInterruptVector(xpcc::stm32::GeneralPurposeTimer::Interrupt, bool, unsigned long)
 .text._ZN4xpcc5stm326Timer36enableEv
                0x08006efc       0x20 build/microcontroller/libxpcc/src/libxpcc.a(timer_3.o)
                0x08006efc                xpcc::stm32::Timer3::enable()
 .text._ZN4xpcc5stm326Timer37setModeENS0_19GeneralPurposeTimer4ModeENS1_9SlaveModeENS1_16SlaveModeTriggerENS1_10MasterModeEb
                0x08006f1c       0x3c build/microcontroller/libxpcc/src/libxpcc.a(timer_3.o)
                0x08006f1c                xpcc::stm32::Timer3::setMode(xpcc::stm32::GeneralPurposeTimer::Mode, xpcc::stm32::Timer3::SlaveMode, xpcc::stm32::Timer3::SlaveModeTrigger, xpcc::stm32::Timer3::MasterMode, bool)
 .text._ZN4xpcc5stm326Timer322configureOutputChannelEmNS0_19GeneralPurposeTimer17OutputCompareModeEtNS2_8PinStateE
                0x08006f58       0x88 build/microcontroller/libxpcc/src/libxpcc.a(timer_3.o)
                0x08006f58                xpcc::stm32::Timer3::configureOutputChannel(unsigned long, xpcc::stm32::GeneralPurposeTimer::OutputCompareMode, unsigned short, xpcc::stm32::GeneralPurposeTimer::PinState)
 .text._ZN4xpcc5stm326Timer66enableEv
                0x08006fe0       0x20 build/microcontroller/libxpcc/src/libxpcc.a(timer_6.o)
                0x08006fe0                xpcc::stm32::Timer6::enable()
 .text._ZN4xpcc5stm326Timer67setModeENS0_10BasicTimer4ModeE
                0x08007000       0x14 build/microcontroller/libxpcc/src/libxpcc.a(timer_6.o)
                0x08007000                xpcc::stm32::Timer6::setMode(xpcc::stm32::BasicTimer::Mode)
 .text._ZN4xpcc5stm326Timer69setPeriodEmb
                0x08007014       0x30 build/microcontroller/libxpcc/src/libxpcc.a(timer_6.o)
                0x08007014                xpcc::stm32::Timer6::setPeriod(unsigned long, bool)
 .text._ZN4xpcc5stm326Timer621enableInterruptVectorEbm
                0x08007044       0x24 build/microcontroller/libxpcc/src/libxpcc.a(timer_6.o)
                0x08007044                xpcc::stm32::Timer6::enableInterruptVector(bool, unsigned long)
 .text._ZN4xpcc5stm326Timer76enableEv
                0x08007068       0x20 build/microcontroller/libxpcc/src/libxpcc.a(timer_7.o)
                0x08007068                xpcc::stm32::Timer7::enable()
 .text._ZN4xpcc5stm326Timer77setModeENS0_10BasicTimer4ModeE
                0x08007088       0x14 build/microcontroller/libxpcc/src/libxpcc.a(timer_7.o)
                0x08007088                xpcc::stm32::Timer7::setMode(xpcc::stm32::BasicTimer::Mode)
 .text._ZN4xpcc5stm326Timer79setPeriodEmb
                0x0800709c       0x30 build/microcontroller/libxpcc/src/libxpcc.a(timer_7.o)
                0x0800709c                xpcc::stm32::Timer7::setPeriod(unsigned long, bool)
 .text._ZN4xpcc5stm326Timer721enableInterruptVectorEbm
                0x080070cc       0x24 build/microcontroller/libxpcc/src/libxpcc.a(timer_7.o)
                0x080070cc                xpcc::stm32::Timer7::enableInterruptVector(bool, unsigned long)
 .text._ZN4xpcc5stm3214BufferedUsart213configurePinsENS1_7MappingE
                0x080070f0       0xe8 build/microcontroller/libxpcc/src/libxpcc.a(usart_buffered_2.o)
                0x080070f0                xpcc::stm32::BufferedUsart2::configurePins(xpcc::stm32::BufferedUsart2::Mapping)
 .text.USART2_IRQHandler
                0x080071d8       0x78 build/microcontroller/libxpcc/src/libxpcc.a(usart_buffered_2.o)
                0x080071d8                USART2_IRQHandler
 .text._ZN4xpcc5stm3214BufferedUsart211setBaudrateEmmb
                0x08007250       0x68 build/microcontroller/libxpcc/src/libxpcc.a(usart_buffered_2.o)
                0x08007250                xpcc::stm32::BufferedUsart2::setBaudrate(unsigned long, unsigned long, bool)
 .text._ZN4xpcc5stm3214BufferedUsart25writeEh
                0x080072b8       0x58 build/microcontroller/libxpcc/src/libxpcc.a(usart_buffered_2.o)
                0x080072b8                xpcc::stm32::BufferedUsart2::write(unsigned char)
 .text._ZN4xpcc5stm3214BufferedUsart24readERh
                0x08007310       0x30 build/microcontroller/libxpcc/src/libxpcc.a(usart_buffered_2.o)
                0x08007310                xpcc::stm32::BufferedUsart2::read(unsigned char&)
 .text.startup._GLOBAL__sub_I__ZN4xpcc5stm3214BufferedUsart213configurePinsENS1_7MappingE
                0x08007340       0x18 build/microcontroller/libxpcc/src/libxpcc.a(usart_buffered_2.o)
 .text._ZN4xpcc5stm3214BufferedUsart313configurePinsENS1_7MappingE
                0x08007358       0xf4 build/microcontroller/libxpcc/src/libxpcc.a(usart_buffered_3.o)
                0x08007358                xpcc::stm32::BufferedUsart3::configurePins(xpcc::stm32::BufferedUsart3::Mapping)
 .text.USART3_IRQHandler
                0x0800744c       0x64 build/microcontroller/libxpcc/src/libxpcc.a(usart_buffered_3.o)
                0x0800744c                USART3_IRQHandler
 .text._ZN4xpcc5stm3214BufferedUsart311setBaudrateEmmb
                0x080074b0       0x68 build/microcontroller/libxpcc/src/libxpcc.a(usart_buffered_3.o)
                0x080074b0                xpcc::stm32::BufferedUsart3::setBaudrate(unsigned long, unsigned long, bool)
 .text._ZN4xpcc5stm3214BufferedUsart35writeEPKhh
                0x08007518       0x68 build/microcontroller/libxpcc/src/libxpcc.a(usart_buffered_3.o)
                0x08007518                xpcc::stm32::BufferedUsart3::write(unsigned char const*, unsigned char)
 .text._ZN4xpcc5stm3214BufferedUsart35writeEh
                0x08007580       0x58 build/microcontroller/libxpcc/src/libxpcc.a(usart_buffered_3.o)
                0x08007580                xpcc::stm32::BufferedUsart3::write(unsigned char)
 .text._ZN4xpcc5stm3214BufferedUsart34readERh
                0x080075d8       0x30 build/microcontroller/libxpcc/src/libxpcc.a(usart_buffered_3.o)
                0x080075d8                xpcc::stm32::BufferedUsart3::read(unsigned char&)
 .text.startup._GLOBAL__sub_I__ZN4xpcc5stm3214BufferedUsart313configurePinsENS1_7MappingE
                0x08007608       0x18 build/microcontroller/libxpcc/src/libxpcc.a(usart_buffered_3.o)
 .text._ZN4xpcc5stm325Clock9enableHseENS1_9HseConfigEm
                0x08007620       0x2c build/microcontroller/libxpcc/src/libxpcc.a(clock.o)
                0x08007620                xpcc::stm32::Clock::enableHse(xpcc::stm32::Clock::HseConfig, unsigned long)
 .text._ZN4xpcc5stm325Clock9enablePllENS1_9PllSourceEht
                0x0800764c       0x40 build/microcontroller/libxpcc/src/libxpcc.a(clock.o)
                0x0800764c                xpcc::stm32::Clock::enablePll(xpcc::stm32::Clock::PllSource, unsigned char, unsigned short)
 .text._ZN4xpcc5stm325Clock11switchToPllEm
                0x0800768c       0x34 build/microcontroller/libxpcc/src/libxpcc.a(clock.o)
                0x0800768c                xpcc::stm32::Clock::switchToPll(unsigned long)
 .text.defaultHandler
                0x080076c0        0x4 build/microcontroller/libxpcc/src/libxpcc.a(startup.o)
                0x080076c0                HASH_RNG_IRQHandler
                0x080076c0                TIM8_CC_IRQHandler
                0x080076c0                DebugMon_Handler
                0x080076c0                TIM1_CC_IRQHandler
                0x080076c0                DMA2_Stream5_IRQHandler
                0x080076c0                DMA1_Stream5_IRQHandler
                0x080076c0                PVD_IRQHandler
                0x080076c0                SDIO_IRQHandler
                0x080076c0                TAMP_STAMP_IRQHandler
                0x080076c0                PendSV_Handler
                0x080076c0                CAN2_RX1_IRQHandler
                0x080076c0                EXTI3_IRQHandler
                0x080076c0                TIM8_TRG_COM_TIM14_IRQHandler
                0x080076c0                TIM8_UP_TIM13_IRQHandler
                0x080076c0                I2C3_ER_IRQHandler
                0x080076c0                EXTI0_IRQHandler
                0x080076c0                I2C2_EV_IRQHandler
                0x080076c0                DMA1_Stream2_IRQHandler
                0x080076c0                CAN1_RX0_IRQHandler
                0x080076c0                FPU_IRQHandler
                0x080076c0                OTG_HS_WKUP_IRQHandler
                0x080076c0                CAN2_SCE_IRQHandler
                0x080076c0                DMA2_Stream2_IRQHandler
                0x080076c0                SPI1_IRQHandler
                0x080076c0                TIM1_BRK_TIM9_IRQHandler
                0x080076c0                DCMI_IRQHandler
                0x080076c0                CAN2_RX0_IRQHandler
                0x080076c0                defaultHandler
                0x080076c0                DMA2_Stream3_IRQHandler
                0x080076c0                USART6_IRQHandler
                0x080076c0                CRYP_IRQHandler
                0x080076c0                CAN1_RX1_IRQHandler
                0x080076c0                UART5_IRQHandler
                0x080076c0                DMA2_Stream0_IRQHandler
                0x080076c0                TIM4_IRQHandler
                0x080076c0                I2C1_EV_IRQHandler
                0x080076c0                DMA1_Stream6_IRQHandler
                0x080076c0                DMA1_Stream1_IRQHandler
                0x080076c0                UART4_IRQHandler
                0x080076c0                TIM3_IRQHandler
                0x080076c0                RCC_IRQHandler
                0x080076c0                TIM8_BRK_TIM12_IRQHandler
                0x080076c0                EXTI15_10_IRQHandler
                0x080076c0                ADC_IRQHandler
                0x080076c0                DMA1_Stream7_IRQHandler
                0x080076c0                CAN2_TX_IRQHandler
                0x080076c0                TIM5_IRQHandler
                0x080076c0                DMA2_Stream7_IRQHandler
                0x080076c0                I2C3_EV_IRQHandler
                0x080076c0                RTC_WKUP_IRQHandler
                0x080076c0                ETH_WKUP_IRQHandler
                0x080076c0                SPI2_IRQHandler
                0x080076c0                OTG_HS_EP1_IN_IRQHandler
                0x080076c0                DMA1_Stream0_IRQHandler
                0x080076c0                CAN1_TX_IRQHandler
                0x080076c0                SVC_Handler
                0x080076c0                FSMC_IRQHandler
                0x080076c0                ETH_IRQHandler
                0x080076c0                OTG_HS_EP1_OUT_IRQHandler
                0x080076c0                WWDG_IRQHandler
                0x080076c0                TIM2_IRQHandler
                0x080076c0                OTG_FS_WKUP_IRQHandler
                0x080076c0                TIM1_TRG_COM_TIM11_IRQHandler
                0x080076c0                OTG_HS_IRQHandler
                0x080076c0                EXTI1_IRQHandler
                0x080076c0                RTCAlarm_IRQHandler
                0x080076c0                I2C2_ER_IRQHandler
                0x080076c0                DMA2_Stream1_IRQHandler
                0x080076c0                CAN1_SCE_IRQHandler
                0x080076c0                FLASH_IRQHandler
                0x080076c0                DMA2_Stream4_IRQHandler
                0x080076c0                USART1_IRQHandler
                0x080076c0                OTG_FS_IRQHandler
                0x080076c0                SPI3_IRQHandler
                0x080076c0                DMA1_Stream4_IRQHandler
                0x080076c0                I2C1_ER_IRQHandler
                0x080076c0                DMA2_Stream6_IRQHandler
                0x080076c0                DMA1_Stream3_IRQHandler
 .text.Reset_Handler
                0x080076c4      0x124 build/microcontroller/libxpcc/src/libxpcc.a(startup.o)
                0x080076c4                Reset_Handler
 .text.__cxa_pure_virtual
                0x080077e8        0x4 build/microcontroller/libxpcc/src/libxpcc.a(cxxabi.o)
                0x080077e8                __cxa_pure_virtual
 .text.__aeabi_atexit
                0x080077ec        0x4 build/microcontroller/libxpcc/src/libxpcc.a(cxxabi.o)
                0x080077ec                __aeabi_atexit
 .text._ZdlPv   0x080077f0        0xc build/microcontroller/libxpcc/src/libxpcc.a(cxxabi.o)
                0x080077f0                operator delete(void*)
 .text._sbrk_r  0x080077fc       0x1c build/microcontroller/libxpcc/src/libxpcc.a(syscalls.o)
                0x080077fc                _sbrk_r
 *fill*         0x08007818        0x8 
 .text          0x08007820       0x10 build/microcontroller/libxpcc/src/libxpcc.a(default_handler.o)
                0x08007820                _defaultHandler
                0x08007820                _init
                0x08007820                _fini
                0x08007822                exit
                0x08007822                _exit
 .text._ZN4xpcc8IODevice5writeEPKc
                0x08007830       0x20 build/microcontroller/libxpcc/src/libxpcc.a(iodevice.o)
                0x08007830                xpcc::IODevice::write(char const*)
 .text._ZN4xpcc8IOStreamC2ERNS_8IODeviceE
                0x08007850        0x8 build/microcontroller/libxpcc/src/libxpcc.a(iostream.o)
                0x08007850                xpcc::IOStream::IOStream(xpcc::IODevice&)
                0x08007850                xpcc::IOStream::IOStream(xpcc::IODevice&)
 .text._ZN4xpcc8IOStream12writeIntegerEl
                0x08007858       0x74 build/microcontroller/libxpcc/src/libxpcc.a(iostream.o)
                0x08007858                xpcc::IOStream::writeInteger(long)
 .text._ZN4xpcc8IOStream12writeIntegerEm
                0x080078cc       0x3c build/microcontroller/libxpcc/src/libxpcc.a(iostream.o)
                0x080078cc                xpcc::IOStream::writeInteger(unsigned long)
 .text._ZN4xpcc8IOStream8writeHexEPKc
                0x08007908       0x44 build/microcontroller/libxpcc/src/libxpcc.a(iostream.o)
                0x08007908                xpcc::IOStream::writeHex(char const*)
 .text._ZN4xpcc8IOStream8writeBinEPKc
                0x0800794c       0xd4 build/microcontroller/libxpcc/src/libxpcc.a(iostream.o)
                0x0800794c                xpcc::IOStream::writeBin(char const*)
 .text._ZN4xpcc8IOStream8writeHexEh
                0x08007a20       0x34 build/microcontroller/libxpcc/src/libxpcc.a(iostream.o)
                0x08007a20                xpcc::IOStream::writeHex(unsigned char)
 .text._ZN4xpcc8IOStream8writeBinEh
                0x08007a54       0x38 build/microcontroller/libxpcc/src/libxpcc.a(iostream.o)
                0x08007a54                xpcc::IOStream::writeBin(unsigned char)
 .text._ZN4xpcc8IOStream10writeFloatERKf
                0x08007a8c      0x118 build/microcontroller/libxpcc/src/libxpcc.a(iostream_float.o)
                0x08007a8c                xpcc::IOStream::writeFloat(float const&)
 .text._ZN4xpcc5dummyEv
                0x08007ba4        0x4 build/microcontroller/libxpcc/src/libxpcc.a(dummy.o)
                0x08007ba4                xpcc::dummy()
 .text.NVIC_Init
                0x08007ba8       0x74 build/microcontroller/libxpcc/src/libxpcc.a(misc.o)
                0x08007ba8                NVIC_Init
 .text.DMA_Cmd  0x08007c1c       0x14 build/microcontroller/libxpcc/src/libxpcc.a(stm32f4xx_dma.o)
                0x08007c1c                DMA_Cmd
 .text.GPIO_Init
                0x08007c30       0xa4 build/microcontroller/libxpcc/src/libxpcc.a(stm32f4xx_gpio.o)
                0x08007c30                GPIO_Init
 .text.GPIO_StructInit
                0x08007cd4       0x14 build/microcontroller/libxpcc/src/libxpcc.a(stm32f4xx_gpio.o)
                0x08007cd4                GPIO_StructInit
 .text.GPIO_PinAFConfig
                0x08007ce8       0x30 build/microcontroller/libxpcc/src/libxpcc.a(stm32f4xx_gpio.o)
                0x08007ce8                GPIO_PinAFConfig
 .text.RCC_AHB1PeriphClockCmd
                0x08007d18       0x18 build/microcontroller/libxpcc/src/libxpcc.a(stm32f4xx_rcc.o)
                0x08007d18                RCC_AHB1PeriphClockCmd
 .text.RCC_APB1PeriphClockCmd
                0x08007d30       0x18 build/microcontroller/libxpcc/src/libxpcc.a(stm32f4xx_rcc.o)
                0x08007d30                RCC_APB1PeriphClockCmd
 .text.TIM_SetAutoreload
                0x08007d48        0x4 build/microcontroller/libxpcc/src/libxpcc.a(stm32f4xx_tim.o)
                0x08007d48                TIM_SetAutoreload
 .text.TIM_Cmd  0x08007d4c       0x1c build/microcontroller/libxpcc/src/libxpcc.a(stm32f4xx_tim.o)
                0x08007d4c                TIM_Cmd
 .text.TIM_EncoderInterfaceConfig
                0x08007d68       0x40 build/microcontroller/libxpcc/src/libxpcc.a(stm32f4xx_tim.o)
                0x08007d68                TIM_EncoderInterfaceConfig
 .text.USART_Cmd
                0x08007da8       0x1c build/microcontroller/libxpcc/src/libxpcc.a(stm32f4xx_usart.o)
                0x08007da8                USART_Cmd
 .text.USART_ITConfig
                0x08007dc4       0x38 build/microcontroller/libxpcc/src/libxpcc.a(stm32f4xx_usart.o)
                0x08007dc4                USART_ITConfig
 .text._ZN4xpcc5stm328UartBase25calculateBaudrateSettingsEmm
                0x08007dfc       0x10 build/microcontroller/libxpcc/src/libxpcc.a(uart_base.o)
                0x08007dfc                xpcc::stm32::UartBase::calculateBaudrateSettings(unsigned long, unsigned long)
 .text          0x08007e0c      0x370 /opt/arm-2012.09/bin/../lib/gcc/arm-none-eabi/4.7.2/thumb2/libgcc.a(_arm_addsubdf3.o)
                0x08007e0c                __aeabi_drsub
                0x08007e14                __aeabi_dsub
                0x08007e14                __subdf3
                0x08007e18                __adddf3
                0x08007e18                __aeabi_dadd
                0x08008090                __aeabi_ui2d
                0x08008090                __floatunsidf
                0x080080b0                __floatsidf
                0x080080b0                __aeabi_i2d
                0x080080d4                __extendsfdf2
                0x080080d4                __aeabi_f2d
                0x08008110                __aeabi_ul2d
                0x08008110                __floatundidf
                0x08008120                __floatdidf
                0x08008120                __aeabi_l2d
 .text          0x0800817c      0x424 /opt/arm-2012.09/bin/../lib/gcc/arm-none-eabi/4.7.2/thumb2/libgcc.a(_arm_muldivdf3.o)
                0x0800817c                __aeabi_dmul
                0x0800817c                __muldf3
                0x080083d0                __aeabi_ddiv
                0x080083d0                __divdf3
 .text          0x080085a0      0x110 /opt/arm-2012.09/bin/../lib/gcc/arm-none-eabi/4.7.2/thumb2/libgcc.a(_arm_cmpdf2.o)
                0x080085a0                __gtdf2
                0x080085a0                __gedf2
                0x080085a8                __ltdf2
                0x080085a8                __ledf2
                0x080085b0                __cmpdf2
                0x080085b0                __eqdf2
                0x080085b0                __nedf2
                0x0800862c                __aeabi_cdrcmple
                0x0800863c                __aeabi_cdcmple
                0x0800863c                __aeabi_cdcmpeq
                0x0800864c                __aeabi_dcmpeq
                0x08008660                __aeabi_dcmplt
                0x08008674                __aeabi_dcmple
                0x08008688                __aeabi_dcmpge
                0x0800869c                __aeabi_dcmpgt
 .text          0x080086b0       0x50 /opt/arm-2012.09/bin/../lib/gcc/arm-none-eabi/4.7.2/thumb2/libgcc.a(_arm_fixdfsi.o)
                0x080086b0                __fixdfsi
                0x080086b0                __aeabi_d2iz
 .text          0x08008700       0xa0 /opt/arm-2012.09/bin/../lib/gcc/arm-none-eabi/4.7.2/thumb2/libgcc.a(_arm_truncdfsf2.o)
                0x08008700                __aeabi_d2f
                0x08008700                __truncdfsf2
 .text          0x080087a0       0x58 /opt/arm-2012.09/bin/../lib/gcc/arm-none-eabi/4.7.2/../../../../arm-none-eabi/lib/thumb2/libc.a(lib_a-init.o)
                0x080087a0                __libc_init_array
 .text          0x080087f8       0x20 /opt/arm-2012.09/bin/../lib/gcc/arm-none-eabi/4.7.2/../../../../arm-none-eabi/lib/thumb2/libc.a(lib_a-malloc.o)
                0x080087f8                malloc
                0x08008808                free
 .text          0x08008818      0x598 /opt/arm-2012.09/bin/../lib/gcc/arm-none-eabi/4.7.2/../../../../arm-none-eabi/lib/thumb2/libc.a(lib_a-mallocr.o)
                0x08008818                _malloc_r
 .text          0x08008db0        0x8 /opt/arm-2012.09/bin/../lib/gcc/arm-none-eabi/4.7.2/../../../../arm-none-eabi/lib/thumb2/libc.a(lib_a-mlock.o)
                0x08008db0                __malloc_lock
                0x08008db4                __malloc_unlock
 .text          0x08008db8      0x238 /opt/arm-2012.09/bin/../lib/gcc/arm-none-eabi/4.7.2/../../../../arm-none-eabi/lib/thumb2/libc.a(lib_a-freer.o)
                0x08008db8                _malloc_trim_r
                0x08008e5c                _free_r
                0x08008ff0                . = ALIGN (0x4)
 *(.plt)
                0x08008ff0                . = ALIGN (0x4)
 *(.glue_7t)
 *(.glue_7)
 *(.ARM.extab* .gnu.linkonce.armextab.*)
 *(.gcc_except_table)
 *(.eh_frame_hdr)
 *(.eh_frame)
 *(.gnu.warning)

.vfp11_veneer   0x08008ff0        0x0
 .vfp11_veneer  0x00000000        0x0 linker stubs

.v4_bx          0x08008ff0        0x0
 .v4_bx         0x00000000        0x0 linker stubs

.iplt           0x08008ff0        0x0
 .iplt          0x00000000        0x0 build/microcontroller/Trigger.o

.rel.dyn        0x08008ff0        0x0
 .rel.iplt      0x00000000        0x0 build/microcontroller/Trigger.o

.rodata         0x08008ff0      0x8f8
 *(.rodata .rodata.* .gnu.linkonce.r.*)
 .rodata.str1.4
                0x08008ff0        0x2 build/microcontroller/Trigger.o
                                  0x4 (size before relaxing)
 *fill*         0x08008ff2        0x2 
 .rodata._ZZ18UsageFault_HandlerE19__PRETTY_FUNCTION__
                0x08008ff4       0x1c build/microcontroller/faultHandlers.o
 .rodata._ZZ11NMI_HandlerE19__PRETTY_FUNCTION__
                0x08009010       0x14 build/microcontroller/faultHandlers.o
 .rodata.str1.4
                0x08009024       0xd8 build/microcontroller/faultHandlers.o
 .rodata._ZZ17MemManage_HandlerE19__PRETTY_FUNCTION__
                0x080090fc       0x1c build/microcontroller/faultHandlers.o
 .rodata._ZZ16BusFault_HandlerE19__PRETTY_FUNCTION__
                0x08009118       0x18 build/microcontroller/faultHandlers.o
 .rodata._ZTVN4xpcc15IODeviceWrapperINS_5stm3214BufferedUsart3EEE
                0x08009130       0x20 build/microcontroller/laserInterface.o
                0x08009130                vtable for xpcc::IODeviceWrapper<xpcc::stm32::BufferedUsart3>
 .rodata.str1.4
                0x08009150       0x9c build/microcontroller/laserInterface.o
                                 0xa0 (size before relaxing)
 .rodata.str1.4
                0x080091ec        0xd build/microcontroller/linePattern.o
                                 0x10 (size before relaxing)
 *fill*         0x080091f9        0x3 
 .rodata.str1.4
                0x080091fc       0x62 build/microcontroller/main.o
                                 0x64 (size before relaxing)
 *fill*         0x0800925e        0x2 
 .rodata._ZTVN4xpcc15IODeviceWrapperI6StreamILc75ELb0ELb1ELi300EEEE
                0x08009260       0x20 build/microcontroller/pcInterface.o
                0x08009260                vtable for xpcc::IODeviceWrapper<Stream<(char)75, false, true, 300> >
 .rodata._ZTVN4xpcc15IODeviceWrapperI6StreamILc67ELb0ELb1ELi300EEEE
                0x08009280       0x20 build/microcontroller/pcInterface.o
                0x08009280                vtable for xpcc::IODeviceWrapper<Stream<(char)67, false, true, 300> >
 .rodata._ZTVN4xpcc15IODeviceWrapperI6StreamILc73ELb0ELb1ELi300EEEE
                0x080092a0       0x20 build/microcontroller/pcInterface.o
                0x080092a0                vtable for xpcc::IODeviceWrapper<Stream<(char)73, false, true, 300> >
 .rodata._ZTVN4xpcc15IODeviceWrapperI6StreamILc69ELb0ELb1ELi300EEEE
                0x080092c0       0x20 build/microcontroller/pcInterface.o
                0x080092c0                vtable for xpcc::IODeviceWrapper<Stream<(char)69, false, true, 300> >
 .rodata._ZTVN4xpcc15IODeviceWrapperI6StreamILc68ELb0ELb1ELi300EEEE
                0x080092e0       0x20 build/microcontroller/pcInterface.o
                0x080092e0                vtable for xpcc::IODeviceWrapper<Stream<(char)68, false, true, 300> >
 .rodata._ZTVN4xpcc15IODeviceWrapperI6StreamILc77ELb1ELb1ELi300EEEE
                0x08009300       0x20 build/microcontroller/pcInterface.o
                0x08009300                vtable for xpcc::IODeviceWrapper<Stream<(char)77, true, true, 300> >
 .rodata._ZTVN4xpcc15IODeviceWrapperI6StreamILc80ELb0ELb1ELi300EEEE
                0x08009320       0x20 build/microcontroller/pcInterface.o
                0x08009320                vtable for xpcc::IODeviceWrapper<Stream<(char)80, false, true, 300> >
 .rodata._ZTVN4xpcc15IODeviceWrapperINS_5stm3214BufferedUsart2EEE
                0x08009340       0x20 build/microcontroller/pcInterface.o
                0x08009340                vtable for xpcc::IODeviceWrapper<xpcc::stm32::BufferedUsart2>
 .rodata.str1.4
                0x08009360      0x47d build/microcontroller/pcInterface.o
                                0x4cc (size before relaxing)
 *fill*         0x080097dd        0x3 
 .rodata.str1.4
                0x080097e0       0x14 build/microcontroller/quadrangleZigZag.o
                                 0x24 (size before relaxing)
 .rodata.str1.4
                0x080097f4       0x3b build/microcontroller/rectangle.o
                                 0x4c (size before relaxing)
 *fill*         0x0800982f        0x1 
 .rodata.str1.4
                0x08009830       0x10 build/microcontroller/state.o
 .rodata.str1.4
                0x08009840       0x62 build/microcontroller/utils.o
                                 0x7c (size before relaxing)
 *fill*         0x080098a2        0x6 
 .rodata._ZTVN4xpcc8IODeviceE
                0x080098a8       0x20 build/microcontroller/libxpcc/src/libxpcc.a(iodevice.o)
                0x080098a8                vtable for xpcc::IODevice
 .rodata.str1.4
                0x080098c8        0x4 /opt/arm-2012.09/bin/../lib/gcc/arm-none-eabi/4.7.2/../../../../arm-none-eabi/lib/thumb2/libc.a(lib_a-impure.o)
                0x080098cc                . = ALIGN (0x4)
 *(.init)
                0x080098cc                . = ALIGN (0x4)
                0x080098cc                PROVIDE (__preinit_array_start, .)
 *(.preinit_array)
                0x080098cc                PROVIDE (__preinit_array_end, .)
                0x080098cc                . = ALIGN (0x4)
                0x080098cc                PROVIDE (__init_array_start, .)
 *(SORT(.init_array.*))
 *(.init_array)
 .init_array    0x080098cc        0x4 build/microcontroller/control.o
 .init_array    0x080098d0        0x4 build/microcontroller/laserInterface.o
 .init_array    0x080098d4        0x4 build/microcontroller/pcInterface.o
 .init_array    0x080098d8        0x4 build/microcontroller/quadrangleZigZag.o
 .init_array    0x080098dc        0x4 build/microcontroller/utils.o
 .init_array    0x080098e0        0x4 build/microcontroller/libxpcc/src/libxpcc.a(usart_buffered_2.o)
 .init_array    0x080098e4        0x4 build/microcontroller/libxpcc/src/libxpcc.a(usart_buffered_3.o)
                0x080098e8                PROVIDE (__init_array_end, .)
                0x080098e8                . = ALIGN (0x4)
 *(.fini)
                0x080098e8                . = ALIGN (0x4)
                0x080098e8                PROVIDE (__fini_array_start, .)
 *(.fini_array)
 *(SORT(.fini_array.*))
                0x080098e8                PROVIDE (__fini_array_end, .)
                0x080098e8                PROVIDE (__ctors_start__, .)
 *crtbegin.o(.ctors)
 *(EXCLUDE_FILE(*crtend.o) .ctors)
 *(SORT(.ctors.*))
 *crtend.o(.ctors)
                0x080098e8                PROVIDE (__ctors_end__, .)
 *(.init .init.*)
 *(.fini .fini.*)

.ARM.exidx      0x080098e8        0x0
                0x080098e8                __exidx_start = .
 *(.ARM.exidx* .gnu.linkonce.armexidx.*)
                0x080098e8                __exidx_end = .
                0x080098e8                _etext = .

.data           0x20000030      0x624 load address 0x080098e8
                0x080098e8                __data_load = LOADADDR (.data)
                0x20000030                __data_start = .
 *(.jcr)
 *(.got.plt)
 *(.got)
 *(.shdata)
 *(.data .data.* .gnu.linkonce.d.*)
 .data._ZN12_GLOBAL__N_110thresholdYE
                0x20000030        0x4 build/microcontroller/Trigger.o
 .data._ZN12_GLOBAL__N_17enabledE
                0x20000034        0x1 build/microcontroller/Trigger.o
 *fill*         0x20000035        0x3 
 .data._ZN12_GLOBAL__N_110thresholdXE
                0x20000038        0x4 build/microcontroller/Trigger.o
 .data._ZN7ControlIL4Axis5EE8maxSpeedE
                0x2000003c        0x4 build/microcontroller/control.o
                0x2000003c                Control<(Axis)5>::maxSpeed
 .data._ZL13normalRequest
                0x20000040        0x8 build/microcontroller/laserInterface.o
 .data._ZN5Laser12DoubleBuffer8bufInPtrE
                0x20000048        0x4 build/microcontroller/laserInterface.o
                0x20000048                Laser::DoubleBuffer::bufInPtr
 .data._ZN5Laser12DoubleBuffer9bufOutPtrE
                0x2000004c        0x4 build/microcontroller/laserInterface.o
                0x2000004c                Laser::DoubleBuffer::bufOutPtr
 .data._ZL9lastError
                0x20000050        0x4 build/microcontroller/laserInterface.o
 .data._ZZN8Handlers23rectanglePatternHandlerEPKciE5lastx
                0x20000054        0x4 build/microcontroller/pcInterface.o
                0x20000054                Handlers::rectanglePatternHandler(char const*, int)::lastx
 .data._ZZN8Handlers23rectanglePatternHandlerEPKciE5lasty
                0x20000058        0x4 build/microcontroller/pcInterface.o
                0x20000058                Handlers::rectanglePatternHandler(char const*, int)::lasty
 .data._ZZN8Handlers23rectanglePatternHandlerEPKciE5lastw
                0x2000005c        0x4 build/microcontroller/pcInterface.o
                0x2000005c                Handlers::rectanglePatternHandler(char const*, int)::lastw
 .data._ZZN8Handlers23rectanglePatternHandlerEPKciE5lasth
                0x20000060        0x4 build/microcontroller/pcInterface.o
                0x20000060                Handlers::rectanglePatternHandler(char const*, int)::lasth
 .data._ZN12_GLOBAL__N_112CommandTableE
                0x20000064       0xd8 build/microcontroller/pcInterface.o
 .data._ZN12_GLOBAL__N_111yIsLongSideE
                0x2000013c        0x1 build/microcontroller/quadrangleZigZag.o
 *fill*         0x2000013d        0x3 
 .data._ZL14sysTickHandler
                0x20000140        0x4 build/microcontroller/libxpcc/src/libxpcc.a(systick_timer.o)
 .data._ZN12_GLOBAL__N_1L10isBlockingE
                0x20000144        0x1 build/microcontroller/libxpcc/src/libxpcc.a(usart_buffered_2.o)
 .data._ZN12_GLOBAL__N_1L10isBlockingE
                0x20000145        0x1 build/microcontroller/libxpcc/src/libxpcc.a(usart_buffered_3.o)
 *fill*         0x20000146        0x2 
 .data.__dso_handle
                0x20000148        0x4 build/microcontroller/libxpcc/src/libxpcc.a(cxxabi.o)
                0x20000148                __dso_handle
 .data.__brkval
                0x2000014c        0x4 build/microcontroller/libxpcc/src/libxpcc.a(syscalls.o)
                0x2000014c                __brkval
 .data          0x20000150      0x410 /opt/arm-2012.09/bin/../lib/gcc/arm-none-eabi/4.7.2/../../../../arm-none-eabi/lib/thumb2/libc.a(lib_a-mallocr.o)
                0x20000150                __malloc_av_
                0x20000558                __malloc_sbrk_base
                0x2000055c                __malloc_trim_threshold
 .data          0x20000560       0xf4 /opt/arm-2012.09/bin/../lib/gcc/arm-none-eabi/4.7.2/../../../../arm-none-eabi/lib/thumb2/libc.a(lib_a-impure.o)
                0x20000560                _impure_ptr
                0x20000654                . = ALIGN (0x4)
                0x20000654                __data_end = .

.igot.plt       0x20000654        0x0 load address 0x08009f0c
 .igot.plt      0x00000000        0x0 build/microcontroller/Trigger.o

.bss            0x20000658     0x1244 load address 0x08009f10
                0x20000658                . = ALIGN (0x4)
                0x20000658                __bss_start = .
 *(.shbss)
 *(.bss .bss.* .gnu.linkonce.b.*)
 .bss._ZN12_GLOBAL__N_18lastXPosE
                0x20000658        0x4 build/microcontroller/Trigger.o
 .bss._ZN12_GLOBAL__N_18lastYPosE
                0x2000065c        0x4 build/microcontroller/Trigger.o
 .bss._ZN7ControlIL4Axis2EE7v_shallE
                0x20000660        0x4 build/microcontroller/control.o
                0x20000660                Control<(Axis)2>::v_shall
 .bss._ZN7ControlIL4Axis2EE4v_isE
                0x20000664        0x4 build/microcontroller/control.o
                0x20000664                Control<(Axis)2>::v_is
 .bss._ZN7ControlIL4Axis2EE9pos_shallE
                0x20000668        0x4 build/microcontroller/control.o
                0x20000668                Control<(Axis)2>::pos_shall
 .bss._ZN7ControlIL4Axis0EE7v_shallE
                0x2000066c        0x4 build/microcontroller/control.o
                0x2000066c                Control<(Axis)0>::v_shall
 .bss._ZN7ControlIL4Axis0EE4v_isE
                0x20000670        0x4 build/microcontroller/control.o
                0x20000670                Control<(Axis)0>::v_is
 .bss._ZN7ControlIL4Axis0EE9pos_shallE
                0x20000674        0x4 build/microcontroller/control.o
                0x20000674                Control<(Axis)0>::pos_shall
 .bss._ZN7ControlIL4Axis0EE8last_posE
                0x20000678        0x4 build/microcontroller/control.o
                0x20000678                Control<(Axis)0>::last_pos
 .bss._ZN7ControlIL4Axis0EE22positionControlEnabledE
                0x2000067c        0x1 build/microcontroller/control.o
                0x2000067c                Control<(Axis)0>::positionControlEnabled
 .bss._ZN7ControlIL4Axis0EE19speedControlEnabledE
                0x2000067d        0x1 build/microcontroller/control.o
                0x2000067d                Control<(Axis)0>::speedControlEnabled
 *fill*         0x2000067e        0x2 
 .bss._ZN7ControlIL4Axis0EE7pos_pidE
                0x20000680       0x20 build/microcontroller/control.o
                0x20000680                Control<(Axis)0>::pos_pid
 .bss._ZN7ControlIL4Axis0EE5v_pidE
                0x200006a0       0x20 build/microcontroller/control.o
                0x200006a0                Control<(Axis)0>::v_pid
 .bss._ZN7ControlIL4Axis2EE8last_posE
                0x200006c0        0x4 build/microcontroller/control.o
                0x200006c0                Control<(Axis)2>::last_pos
 .bss._ZN7ControlIL4Axis2EE22positionControlEnabledE
                0x200006c4        0x1 build/microcontroller/control.o
                0x200006c4                Control<(Axis)2>::positionControlEnabled
 .bss._ZN7ControlIL4Axis2EE19speedControlEnabledE
                0x200006c5        0x1 build/microcontroller/control.o
                0x200006c5                Control<(Axis)2>::speedControlEnabled
 *fill*         0x200006c6        0x2 
 .bss._ZN7ControlIL4Axis2EE7pos_pidE
                0x200006c8       0x20 build/microcontroller/control.o
                0x200006c8                Control<(Axis)2>::pos_pid
 .bss._ZN7ControlIL4Axis2EE5v_pidE
                0x200006e8       0x20 build/microcontroller/control.o
                0x200006e8                Control<(Axis)2>::v_pid
 .bss._ZN7ControlIL4Axis0EE3v_uE
                0x20000708        0x4 build/microcontroller/control.o
                0x20000708                Control<(Axis)0>::v_u
 .bss._ZN7ControlIL4Axis0EE7v_urealE
                0x2000070c        0x4 build/microcontroller/control.o
                0x2000070c                Control<(Axis)0>::v_ureal
 .bss._ZN7ControlIL4Axis2EE3v_uE
                0x20000710        0x4 build/microcontroller/control.o
                0x20000710                Control<(Axis)2>::v_u
 .bss._ZN7ControlIL4Axis2EE7v_urealE
                0x20000714        0x4 build/microcontroller/control.o
                0x20000714                Control<(Axis)2>::v_ureal
 .bss._ZGVN7ControlIL4Axis0EE5v_pidE
                0x20000718        0x4 build/microcontroller/control.o
                0x20000718                guard variable for Control<(Axis)0>::v_pid
 .bss._ZGVN7ControlIL4Axis2EE5v_pidE
                0x2000071c        0x4 build/microcontroller/control.o
                0x2000071c                guard variable for Control<(Axis)2>::v_pid
 .bss._ZGVN7ControlIL4Axis0EE7pos_pidE
                0x20000720        0x4 build/microcontroller/control.o
                0x20000720                guard variable for Control<(Axis)0>::pos_pid
 .bss._ZGVN7ControlIL4Axis2EE7pos_pidE
                0x20000724        0x4 build/microcontroller/control.o
                0x20000724                guard variable for Control<(Axis)2>::pos_pid
 .bss._ZN10HallSensorIL4Axis5EE9triggeredE
                0x20000728        0x4 build/microcontroller/hallSensor.o
                0x20000728                HallSensor<(Axis)5>::triggered
 .bss.uartWrap3
                0x2000072c        0x4 build/microcontroller/laserInterface.o
                0x2000072c                uartWrap3
 .bss.uart3     0x20000730        0x4 build/microcontroller/laserInterface.o
                0x20000730                uart3
 .bss._ZN5Laser12DoubleBuffer4buf2E
                0x20000734       0x34 build/microcontroller/laserInterface.o
                0x20000734                Laser::DoubleBuffer::buf2
 .bss._ZN5Laser12DoubleBuffer7outSizeE
                0x20000768        0x4 build/microcontroller/laserInterface.o
                0x20000768                Laser::DoubleBuffer::outSize
 .bss._ZN5Laser12DoubleBuffer6inSizeE
                0x2000076c        0x4 build/microcontroller/laserInterface.o
                0x2000076c                Laser::DoubleBuffer::inSize
 .bss._ZN5Laser12DoubleBuffer4buf1E
                0x20000770       0x34 build/microcontroller/laserInterface.o
                0x20000770                Laser::DoubleBuffer::buf1
 .bss.laserOutStream
                0x200007a4        0x8 build/microcontroller/laserInterface.o
                0x200007a4                laserOutStream
 .bss._ZZN5Laser4execEPKcE8response
                0x200007ac      0x100 build/microcontroller/laserInterface.o
 .bss._ZN12_GLOBAL__N_15stopXE
                0x200008ac        0x4 build/microcontroller/linePattern.o
 .bss._ZN12_GLOBAL__N_15stopYE
                0x200008b0        0x4 build/microcontroller/linePattern.o
 .bss._ZN12_GLOBAL__N_16startXE
                0x200008b4        0x4 build/microcontroller/linePattern.o
 .bss._ZN12_GLOBAL__N_16startYE
                0x200008b8        0x4 build/microcontroller/linePattern.o
 *fill*         0x200008bc        0x4 
 .bss._ZN12_GLOBAL__N_18maxSpeedE
                0x200008c0        0x8 build/microcontroller/linePattern.o
 .bss._ZN12_GLOBAL__N_111passedFirstE
                0x200008c8        0x1 build/microcontroller/linePattern.o
 *fill*         0x200008c9        0x3 
 .bss._ZL7counter
                0x200008cc        0x4 build/microcontroller/main.o
 .bss._ZN7Pattern7runningE
                0x200008d0        0x1 build/microcontroller/pattern.o
                0x200008d0                Pattern::running
 *fill*         0x200008d1        0x3 
 .bss._ZN7Pattern4funcE
                0x200008d4        0x4 build/microcontroller/pattern.o
                0x200008d4                Pattern::func
 .bss._ZN7Pattern6pausedE
                0x200008d8        0x1 build/microcontroller/pattern.o
                0x200008d8                Pattern::paused
 *fill*         0x200008d9        0x3 
 .bss._ZN10HallSensorIL4Axis2EE9triggeredE
                0x200008dc        0x4 build/microcontroller/pcInterface.o
                0x200008dc                HallSensor<(Axis)2>::triggered
 .bss._ZN10HallSensorIL4Axis0EE9triggeredE
                0x200008e0        0x4 build/microcontroller/pcInterface.o
                0x200008e0                HallSensor<(Axis)0>::triggered
 .bss._ZZN8Handlers18linePatternHandlerEPKciE1i
                0x200008e4        0x4 build/microcontroller/pcInterface.o
                0x200008e4                Handlers::linePatternHandler(char const*, int)::i
 .bss._ZZN8Handlers18linePatternHandlerEPKciE6points
                0x200008e8       0x18 build/microcontroller/pcInterface.o
                0x200008e8                Handlers::linePatternHandler(char const*, int)::points
 .bss._ZZN8Handlers24rectanglePatternHandler3EPKciE1i
                0x20000900        0x4 build/microcontroller/pcInterface.o
                0x20000900                Handlers::rectanglePatternHandler3(char const*, int)::i
 .bss._ZZN8Handlers24rectanglePatternHandler3EPKciE6points
                0x20000904       0x28 build/microcontroller/pcInterface.o
                0x20000904                Handlers::rectanglePatternHandler3(char const*, int)::points
 .bss._ZN6StreamILc75ELb0ELb1ELi300EE3posE
                0x2000092c        0x4 build/microcontroller/pcInterface.o
                0x2000092c                Stream<(char)75, false, true, 300>::pos
 .bss._ZN6StreamILc75ELb0ELb1ELi300EE4textE
                0x20000930      0x12c build/microcontroller/pcInterface.o
                0x20000930                Stream<(char)75, false, true, 300>::text
 .bss._ZN6StreamILc67ELb0ELb1ELi300EE3posE
                0x20000a5c        0x4 build/microcontroller/pcInterface.o
                0x20000a5c                Stream<(char)67, false, true, 300>::pos
 .bss._ZN6StreamILc67ELb0ELb1ELi300EE4textE
                0x20000a60      0x12c build/microcontroller/pcInterface.o
                0x20000a60                Stream<(char)67, false, true, 300>::text
 .bss._ZN6StreamILc73ELb0ELb1ELi300EE3posE
                0x20000b8c        0x4 build/microcontroller/pcInterface.o
                0x20000b8c                Stream<(char)73, false, true, 300>::pos
 .bss._ZN6StreamILc73ELb0ELb1ELi300EE4textE
                0x20000b90      0x12c build/microcontroller/pcInterface.o
                0x20000b90                Stream<(char)73, false, true, 300>::text
 .bss._ZN6StreamILc69ELb0ELb1ELi300EE3posE
                0x20000cbc        0x4 build/microcontroller/pcInterface.o
                0x20000cbc                Stream<(char)69, false, true, 300>::pos
 .bss._ZN6StreamILc69ELb0ELb1ELi300EE4textE
                0x20000cc0      0x12c build/microcontroller/pcInterface.o
                0x20000cc0                Stream<(char)69, false, true, 300>::text
 .bss._ZN6StreamILc68ELb0ELb1ELi300EE3posE
                0x20000dec        0x4 build/microcontroller/pcInterface.o
                0x20000dec                Stream<(char)68, false, true, 300>::pos
 .bss._ZN6StreamILc68ELb0ELb1ELi300EE4textE
                0x20000df0      0x12c build/microcontroller/pcInterface.o
                0x20000df0                Stream<(char)68, false, true, 300>::text
 .bss._ZN6StreamILc77ELb1ELb1ELi300EE3posE
                0x20000f1c        0x4 build/microcontroller/pcInterface.o
                0x20000f1c                Stream<(char)77, true, true, 300>::pos
 .bss._ZN6StreamILc77ELb1ELb1ELi300EE4textE
                0x20000f20      0x12c build/microcontroller/pcInterface.o
                0x20000f20                Stream<(char)77, true, true, 300>::text
 .bss._ZN6StreamILc80ELb0ELb1ELi300EE3posE
                0x2000104c        0x4 build/microcontroller/pcInterface.o
                0x2000104c                Stream<(char)80, false, true, 300>::pos
 .bss._ZN6StreamILc80ELb0ELb1ELi300EE4textE
                0x20001050      0x12c build/microcontroller/pcInterface.o
                0x20001050                Stream<(char)80, false, true, 300>::text
 .bss.mout      0x2000117c        0x8 build/microcontroller/pcInterface.o
                0x2000117c                mout
 .bss.cerr      0x20001184        0x8 build/microcontroller/pcInterface.o
                0x20001184                cerr
 .bss.cWrap     0x2000118c        0x4 build/microcontroller/pcInterface.o
                0x2000118c                cWrap
 .bss._ZN12_GLOBAL__N_16bufferE
                0x20001190      0x200 build/microcontroller/pcInterface.o
 .bss.controlOut
                0x20001390        0x8 build/microcontroller/pcInterface.o
                0x20001390                controlOut
 .bss.coutRaw   0x20001398        0x8 build/microcontroller/pcInterface.o
                0x20001398                coutRaw
 .bss.kWrap     0x200013a0        0x4 build/microcontroller/pcInterface.o
                0x200013a0                kWrap
 .bss.pout      0x200013a4        0x8 build/microcontroller/pcInterface.o
                0x200013a4                pout
 .bss.uartWrap  0x200013ac        0x4 build/microcontroller/pcInterface.o
                0x200013ac                uartWrap
 .bss.moutWrap  0x200013b0        0x4 build/microcontroller/pcInterface.o
                0x200013b0                moutWrap
 .bss.doutWrap  0x200013b4        0x4 build/microcontroller/pcInterface.o
                0x200013b4                doutWrap
 .bss.commandOut
                0x200013b8        0x8 build/microcontroller/pcInterface.o
                0x200013b8                commandOut
 .bss.dout      0x200013c0        0x8 build/microcontroller/pcInterface.o
                0x200013c0                dout
 .bss.poutWrap  0x200013c8        0x4 build/microcontroller/pcInterface.o
                0x200013c8                poutWrap
 .bss.cerrWrap  0x200013cc        0x4 build/microcontroller/pcInterface.o
                0x200013cc                cerrWrap
 .bss.iout      0x200013d0        0x8 build/microcontroller/pcInterface.o
                0x200013d0                iout
 .bss._ZN12_GLOBAL__N_16bufPosE
                0x200013d8        0x4 build/microcontroller/pcInterface.o
 .bss.iWrap     0x200013dc        0x4 build/microcontroller/pcInterface.o
                0x200013dc                iWrap
 .bss._ZL16approachingStart
                0x200013e0        0x1 build/microcontroller/quadrangleZigZag.o
 *fill*         0x200013e1        0x3 
 .bss._ZL8maxSpeed
                0x200013e4        0x4 build/microcontroller/quadrangleZigZag.o
 .bss._ZL12timerRunning
                0x200013e8        0x1 build/microcontroller/quadrangleZigZag.o
 .bss._ZN12_GLOBAL__N_112approachingXE
                0x200013e9        0x1 build/microcontroller/quadrangleZigZag.o
 *fill*         0x200013ea        0x2 
 .bss._ZN16QuadrangleZigZag6startYE
                0x200013ec        0x4 build/microcontroller/quadrangleZigZag.o
                0x200013ec                QuadrangleZigZag::startY
 .bss._ZL7timeout
                0x200013f0        0x8 build/microcontroller/quadrangleZigZag.o
 .bss._ZN12_GLOBAL__N_110yDirectionE
                0x200013f8        0x4 build/microcontroller/quadrangleZigZag.o
 .bss._ZN16QuadrangleZigZag5stopXE
                0x200013fc        0x4 build/microcontroller/quadrangleZigZag.o
                0x200013fc                QuadrangleZigZag::stopX
 .bss._ZN16QuadrangleZigZag6startXE
                0x20001400        0x4 build/microcontroller/quadrangleZigZag.o
                0x20001400                QuadrangleZigZag::startX
 .bss._ZL1i     0x20001404        0x4 build/microcontroller/quadrangleZigZag.o
 .bss._ZN16QuadrangleZigZag5stopYE
                0x20001408        0x4 build/microcontroller/quadrangleZigZag.o
                0x20001408                QuadrangleZigZag::stopY
 .bss._ZN16QuadrangleZigZag18samplingResolutionE
                0x2000140c        0x4 build/microcontroller/quadrangleZigZag.o
                0x2000140c                QuadrangleZigZag::samplingResolution
 .bss._ZN12_GLOBAL__N_110xDirectionE
                0x20001410        0x4 build/microcontroller/quadrangleZigZag.o
 .bss._ZL6points
                0x20001414       0x28 build/microcontroller/rectangle.o
 .bss._ZN10Quadrangle1xE
                0x2000143c        0x4 build/microcontroller/rectangle.o
                0x2000143c                Quadrangle::x
 .bss._ZL11pointsIndex
                0x20001440        0x4 build/microcontroller/rectangle.o
 .bss._ZN10Quadrangle1yE
                0x20001444        0x4 build/microcontroller/rectangle.o
                0x20001444                Quadrangle::y
 .bss._ZN10Quadrangle5widthE
                0x20001448        0x4 build/microcontroller/rectangle.o
                0x20001448                Quadrangle::width
 .bss._ZN10Quadrangle6heightE
                0x2000144c        0x4 build/microcontroller/rectangle.o
                0x2000144c                Quadrangle::height
 .bss._ZN5State12currentStateE
                0x20001450        0x4 build/microcontroller/state.o
                0x20001450                State::currentState
 .bss._ZN4xpcc5Clock4timeE
                0x20001454        0x4 build/microcontroller/libxpcc/src/libxpcc.a(clock.o)
                0x20001454                xpcc::Clock::time
 .bss._ZN12_GLOBAL__N_1L8txBufferE
                0x20001458      0x104 build/microcontroller/libxpcc/src/libxpcc.a(usart_buffered_2.o)
 .bss._ZN12_GLOBAL__N_1L8rxBufferE
                0x2000155c      0x104 build/microcontroller/libxpcc/src/libxpcc.a(usart_buffered_2.o)
 .bss._ZN12_GLOBAL__N_1L8txBufferE
                0x20001660      0x104 build/microcontroller/libxpcc/src/libxpcc.a(usart_buffered_3.o)
 .bss._ZN12_GLOBAL__N_1L8rxBufferE
                0x20001764      0x104 build/microcontroller/libxpcc/src/libxpcc.a(usart_buffered_3.o)
 .bss           0x20001868       0x34 /opt/arm-2012.09/bin/../lib/gcc/arm-none-eabi/4.7.2/../../../../arm-none-eabi/lib/thumb2/libc.a(lib_a-mallocr.o)
                0x20001868                __malloc_top_pad
                0x2000186c                __malloc_current_mallinfo
                0x20001894                __malloc_max_sbrked_mem
                0x20001898                __malloc_max_total_mem
 *(COMMON)
                0x2000189c                . = ALIGN (0x4)
                0x2000189c                __bss_end = .

.noinit         0x2000189c        0x0 load address 0x08009f0c
                0x2000189c                . = ALIGN (0x4)
                0x2000189c                PROVIDE (__noinit_start, .)
 *(.noinit*)
                0x2000189c                . = ALIGN (0x4)
                0x2000189c                PROVIDE (__noinit_end, .)

.stack          0x2000189c      0x800 load address 0x08009f0c
                0x2000189c                . = ALIGN (0x4)
                0x2000189c                __stack_start = .
                0x20001c9c                . = (. + THREAD_STACK_SIZE)
 *fill*         0x2000189c      0x400 
                0x20001c9c                . = ALIGN (0x4)
                0x20001c9c                __thread_stack_top = .
                0x2000209c                . = (. + HANDLER_STACK_SIZE)
 *fill*         0x20001c9c      0x400 
                0x2000209c                . = ALIGN (0x4)
                0x2000209c                __handler_stack_top = .
                0x2000209c                __stack_end = .
                0x2000209c                . = ALIGN (0x4)
                0x2000209c                PROVIDE (__heap_start, .)
                0x2000209c                . = ALIGN (0x4)
                0x2000209c                _end = .
                0x2000209c                __end = .
                0x2000209c                PROVIDE (end, .)

.stab
 *(.stab)

.stabstr
 *(.stabstr)
